[LOCAL] 2026-04-02T15:20:29Z Parallel enabled=1 workers=4 profile='(unset)'
[LOCAL] 2026-04-02T15:20:29Z LOCAL_SKIP_MATLAB=0
[LOCAL] 2026-04-02T15:20:29Z LOCAL TEST MODE: Using mounted test data
[LOCAL] 2026-04-02T15:20:29Z Unzipping input file
Archive:  /app/input.zip
  inflating: /app/work/Work/CSV/test-user/test-session/metadata.json  
  inflating: /app/work/Work/CSV/test-user/test-session/data.csv  
[LOCAL] 2026-04-02T15:20:30Z Loading metadata
[LOCAL] 2026-04-02T15:20:30Z Set env: EEGChannels=8
[LOCAL] 2026-04-02T15:20:30Z Set env: TriggerChannels=1
[LOCAL] 2026-04-02T15:20:30Z Set env: RunClassifier=false
[LOCAL] 2026-04-02T15:20:30Z Set env: Notch=0
[LOCAL] 2026-04-02T15:20:30Z Set env: DeviceFilter=false
[LOCAL] 2026-04-02T15:20:30Z Set env: Resolution=0
[LOCAL] 2026-04-02T15:20:30Z Set env: Frequency=125.0
[LOCAL] 2026-04-02T15:20:30Z Set env: HardwareFilter=true
[LOCAL] 2026-04-02T15:20:30Z Set env: SquareWaveTestMode=false
[LOCAL] 2026-04-02T15:20:30Z Set env: Classifier=null
[LOCAL] 2026-04-02T15:20:30Z === DEBUG ===
[LOCAL] 2026-04-02T15:20:30Z WORK_DIR: /app/work
[LOCAL] 2026-04-02T15:20:30Z OUTPUT_DIR: /app/work/Results
[LOCAL] 2026-04-02T15:20:30Z MCR_CACHE_ROOT: /tmp/mcr-cache
[LOCAL] 2026-04-02T15:20:30Z MATLAB_PREFDIR: /tmp/matlab-prefs
[LOCAL] 2026-04-02T15:20:30Z Files:
/app/work/Work/CSV/test-user/test-session/metadata.json
/app/work/Work/CSV/test-user/test-session/data.csv
/app/work/Dependents/Standard-10-20-Cap81.locs
[LOCAL] 2026-04-02T15:20:30Z =============
[LOCAL] 2026-04-02T15:20:30Z Running MATLAB executable
[LOCAL] 2026-04-02T15:20:30Z MATLAB ------------------------------------------
[LOCAL] 2026-04-02T15:20:30Z MATLAB Setting up environment variables
[LOCAL] 2026-04-02T15:20:30Z MATLAB ---
[LOCAL] 2026-04-02T15:20:30Z MATLAB LD_LIBRARY_PATH is .:/opt/matlabruntime/R2024b/runtime/glnxa64:/opt/matlabruntime/R2024b/bin/glnxa64:/opt/matlabruntime/R2024b/sys/os/glnxa64:/opt/matlabruntime/R2024b/sys/opengl/lib/glnxa64
[LOCAL] 2026-04-02T15:20:38Z MATLAB Converting CSV files in: /app/work/Work/CSV
[LOCAL] 2026-04-02T15:20:38Z MATLAB Output MAT files will be saved in: /app/work/Work/SourceData (EEG_rec)
[LOCAL] 2026-04-02T15:20:38Z MATLAB JSON converted to MATLAB struct and saved.
[LOCAL] 2026-04-02T15:20:40Z MATLAB Converting: /app/work/Work/CSV/test-user/test-session/data.csv
[LOCAL] 2026-04-02T15:20:40Z MATLAB Saved: /app/work/Work/SourceData (EEG_rec)/test-user/test-session/EEG_rec.mat
[LOCAL] 2026-04-02T15:20:40Z MATLAB Batch CSV-to-MAT conversion complete.
[LOCAL] 2026-04-02T15:20:40Z MATLAB 
[LOCAL] 2026-04-02T15:20:40Z MATLAB dataDir =
[LOCAL] 2026-04-02T15:20:40Z MATLAB 
[LOCAL] 2026-04-02T15:20:40Z MATLAB     '/app/work/Work/SourceData (EEG_rec)'
[LOCAL] 2026-04-02T15:20:40Z MATLAB 
[LOCAL] 2026-04-02T15:20:40Z MATLAB 
[LOCAL] 2026-04-02T15:20:40Z MATLAB chanlocDir =
[LOCAL] 2026-04-02T15:20:40Z MATLAB 
[LOCAL] 2026-04-02T15:20:40Z MATLAB     '/app/work/Dependents'
[LOCAL] 2026-04-02T15:20:40Z MATLAB 
[LOCAL] 2026-04-02T15:20:40Z MATLAB 
[LOCAL] 2026-04-02T15:20:40Z MATLAB dir0 =
[LOCAL] 2026-04-02T15:20:40Z MATLAB 
[LOCAL] 2026-04-02T15:20:40Z MATLAB     '/app/work/Work/SourceData (EEG_rec)'
[LOCAL] 2026-04-02T15:20:40Z MATLAB 
[LOCAL] 2026-04-02T15:20:40Z MATLAB 
[LOCAL] 2026-04-02T15:20:40Z MATLAB ________________________
[LOCAL] 2026-04-02T15:20:40Z MATLAB 
[LOCAL] 2026-04-02T15:20:40Z MATLAB Processing (#1/1) ...
[LOCAL] 2026-04-02T15:20:40Z MATLAB 
[LOCAL] 2026-04-02T15:20:40Z MATLAB ans =
[LOCAL] 2026-04-02T15:20:40Z MATLAB 
[LOCAL] 2026-04-02T15:20:40Z MATLAB     'downsample is off'
[LOCAL] 2026-04-02T15:20:40Z MATLAB 
[LOCAL] 2026-04-02T15:20:40Z MATLAB     "loading "    "/app/work/Work/SourceData (EEG..."
[LOCAL] 2026-04-02T15:20:40Z MATLAB 
[LOCAL] 2026-04-02T15:20:40Z MATLAB 
[LOCAL] 2026-04-02T15:20:40Z MATLAB ans =
[LOCAL] 2026-04-02T15:20:40Z MATLAB 
[LOCAL] 2026-04-02T15:20:40Z MATLAB     'downsample is off'
[LOCAL] 2026-04-02T15:20:40Z MATLAB 
[LOCAL] 2026-04-02T15:20:40Z MATLAB Prep plus (EEG):
[LOCAL] 2026-04-02T15:20:40Z MATLAB SubjID2: 1/1, SessionID2: 1/1
[LOCAL] 2026-04-02T15:20:40Z MATLAB Loading EEG_rec dataset ...
[LOCAL] 2026-04-02T15:20:40Z MATLAB Dataset loading: DONE
[LOCAL] 2026-04-02T15:20:40Z MATLAB 
[LOCAL] 2026-04-02T15:20:40Z MATLAB Saving config structure ...
[LOCAL] 2026-04-02T15:20:40Z MATLAB Saving autorun structure ...
[LOCAL] 2026-04-02T15:20:40Z MATLAB Saving EEG_validation structure ...
[LOCAL] 2026-04-02T15:20:40Z MATLAB 
[LOCAL] 2026-04-02T15:20:40Z MATLAB Running: Finished
[LOCAL] 2026-04-02T15:20:40Z MATLAB 
[LOCAL] 2026-04-02T15:20:40Z MATLAB Prep plus (EEG):
[LOCAL] 2026-04-02T15:20:40Z MATLAB 
[LOCAL] 2026-04-02T15:20:40Z MATLAB Loading A09_EEG_validation_01 [EEG_validation].mat ...
[LOCAL] 2026-04-02T15:20:40Z MATLAB At /app/work/Work/TrainTest/Prep plus/EEG/A09_EEG_validation_01 [EEG_validation].mat ...
[LOCAL] 2026-04-02T15:20:40Z MATLAB Dataset loading: DONE
[LOCAL] 2026-04-02T15:20:40Z MATLAB 
[LOCAL] 2026-04-02T15:20:40Z MATLAB Loading EEG_rec dataset ...
[LOCAL] 2026-04-02T15:20:40Z MATLAB Dataset loading: DONE
[LOCAL] 2026-04-02T15:20:40Z MATLAB 
[LOCAL] 2026-04-02T15:20:40Z MATLAB SubjID2: 1/1, SessionID2: 1/1, BandID: 3/12
[LOCAL] 2026-04-02T15:20:45Z MATLAB SubjID2: 1/1, SessionID2: 1/1, BandID: 4/12
[LOCAL] 2026-04-02T15:20:45Z MATLAB SubjID2: 1/1, SessionID2: 1/1, BandID: 5/12
[LOCAL] 2026-04-02T15:20:45Z MATLAB SubjID2: 1/1, SessionID2: 1/1, BandID: 6/12
[LOCAL] 2026-04-02T15:20:45Z MATLAB Saving tr{SubjID2,SessionID2} structure ...
[LOCAL] 2026-04-02T15:20:46Z MATLAB Saving config structure ...
[LOCAL] 2026-04-02T15:20:46Z MATLAB Saving autorun structure ...
[LOCAL] 2026-04-02T15:20:46Z MATLAB 
[LOCAL] 2026-04-02T15:20:46Z MATLAB Running: Finished
[LOCAL] 2026-04-02T15:20:46Z MATLAB 
[LOCAL] 2026-04-02T15:20:46Z MATLAB Elapsed time is 5.501786 seconds.
[LOCAL] 2026-04-02T15:20:46Z MATLAB Prep plus (EEG):
[LOCAL] 2026-04-02T15:20:46Z MATLAB 
[LOCAL] 2026-04-02T15:20:46Z MATLAB Loading A10_offlineClass_prep_01 [autorun].mat ...
[LOCAL] 2026-04-02T15:20:46Z MATLAB Loading A10_offlineClass_prep_01 [config].mat ...
[LOCAL] 2026-04-02T15:20:46Z MATLAB SubjID2: 1/1, SessionID2: 1/1
[LOCAL] 2026-04-02T15:20:46Z MATLAB Loading tr{1,1}.mat ...
[LOCAL] 2026-04-02T15:20:46Z MATLAB Dataset loading: DONE
[LOCAL] 2026-04-02T15:20:46Z MATLAB 
[LOCAL] 2026-04-02T15:20:46Z MATLAB Saving tr_validMask structure ...
[LOCAL] 2026-04-02T15:20:46Z MATLAB 
[LOCAL] 2026-04-02T15:20:46Z MATLAB Running: Finished
[LOCAL] 2026-04-02T15:20:46Z MATLAB 
[LOCAL] 2026-04-02T15:20:46Z MATLAB Prep plus (EEG):
[LOCAL] 2026-04-02T15:20:46Z MATLAB 
[LOCAL] 2026-04-02T15:20:46Z MATLAB Loading A10_offlineClass_prep_01 [autorun].mat ...
[LOCAL] 2026-04-02T15:20:46Z MATLAB Loading A10_offlineClass_prep_01 [config].mat ...
[LOCAL] 2026-04-02T15:20:46Z MATLAB SubjID2: 1/1, SessionID2: 1/1
[LOCAL] 2026-04-02T15:20:46Z MATLAB Loading tr{1,1}.mat ...
[LOCAL] 2026-04-02T15:20:46Z MATLAB Saving classTrials{1,1} structure ...
[LOCAL] 2026-04-02T15:20:47Z MATLAB 
[LOCAL] 2026-04-02T15:20:47Z MATLAB Saving config structure ...
[LOCAL] 2026-04-02T15:20:47Z MATLAB Saving autorun structure ...
[LOCAL] 2026-04-02T15:20:47Z MATLAB 
[LOCAL] 2026-04-02T15:20:47Z MATLAB Running: Finished
[LOCAL] 2026-04-02T15:20:47Z MATLAB 
[LOCAL] 2026-04-02T15:20:47Z MATLAB Elapsed time is 0.863103 seconds.
[LOCAL] 2026-04-02T15:20:47Z MATLAB TM(0) trainTest: 1/4
[LOCAL] 2026-04-02T15:20:49Z MATLAB Starting parallel pool (parpool) using the 'Processes' profile ...
[LOCAL] 2026-04-02T15:21:05Z MATLAB Connected to parallel pool with 4 workers.
[LOCAL] 2026-04-02T15:21:06Z MATLAB 
[LOCAL] 2026-04-02T15:21:06Z MATLAB ans = 
[LOCAL] 2026-04-02T15:21:06Z MATLAB 
[LOCAL] 2026-04-02T15:21:06Z MATLAB  ProcessPool with properties: 
[LOCAL] 2026-04-02T15:21:06Z MATLAB 
[LOCAL] 2026-04-02T15:21:06Z MATLAB             Connected: true
[LOCAL] 2026-04-02T15:21:06Z MATLAB            NumWorkers: 4
[LOCAL] 2026-04-02T15:21:06Z MATLAB                  Busy: false
[LOCAL] 2026-04-02T15:21:06Z MATLAB               Cluster: Processes (Local Cluster)
[LOCAL] 2026-04-02T15:21:06Z MATLAB         AttachedFiles: {}
[LOCAL] 2026-04-02T15:21:06Z MATLAB     AutoAddClientPath: true
[LOCAL] 2026-04-02T15:21:06Z MATLAB             FileStore: [1x1 parallel.FileStore]
[LOCAL] 2026-04-02T15:21:06Z MATLAB            ValueStore: [1x1 parallel.ValueStore]
[LOCAL] 2026-04-02T15:21:06Z MATLAB           IdleTimeout: 30 minutes (30 minutes remaining)
[LOCAL] 2026-04-02T15:21:06Z MATLAB           SpmdEnabled: true
[LOCAL] 2026-04-02T15:21:06Z MATLAB 
[LOCAL] 2026-04-02T15:22:59Z MATLAB TM(0) trainTest: 2/4
[LOCAL] 2026-04-02T15:24:48Z MATLAB TM(0) trainTest: 3/4
[LOCAL] 2026-04-02T15:26:18Z MATLAB TM(0) trainTest: 4/4
[LOCAL] 2026-04-02T15:28:10Z MATLAB TM(0) DA eval ...
[LOCAL] 2026-04-02T15:28:14Z MATLAB Copy: Standard-10-20-Cap81.locs ...
[LOCAL] 2026-04-02T15:28:14Z MATLAB DONE.
[LOCAL] 2026-04-02T15:28:14Z MATLAB Loading /app/work/Work/TrainTest/Prep plus/EEG/tr{1,1}.mat ...
[LOCAL] 2026-04-02T15:28:21Z MATLAB Saved JSON config: /app/work/Work/TrainTest/- Fig/DA plot.json
[LOCAL] 2026-04-02T15:28:22Z MATLAB Saved JSON config: /app/work/Work/TrainTest/- Fig/DA plot (smoothed).json
[LOCAL] 2026-04-02T15:28:22Z MATLAB Preparing Freq and Topoplots
[LOCAL] 2026-04-02T15:28:22Z MATLAB Loading data files ...
[LOCAL] 2026-04-02T15:28:23Z MATLAB readlocs(): 'loc' format assumed from file extension
[LOCAL] 2026-04-02T15:28:23Z MATLAB Dataset loading: DONE
[LOCAL] 2026-04-02T15:28:23Z MATLAB 
[LOCAL] 2026-04-02T15:28:23Z MATLAB Common codes for topoplots ...
[LOCAL] 2026-04-02T15:28:23Z MATLAB CSP/MI weight topoplot ...
[LOCAL] 2026-04-02T15:28:25Z MATLAB Warning: Using interpolated shading in scalp topographies prevent to export them as vectorized figures
[LOCAL] 2026-04-02T15:28:25Z MATLAB > In topoplot (line 549)
[LOCAL] 2026-04-02T15:28:25Z MATLAB In VAv2_Hacked_VB_FBCSP_eval_figures_func_01 (line 588)
[LOCAL] 2026-04-02T15:28:25Z MATLAB In TAv2_TrainTest (line 676)
[LOCAL] 2026-04-02T15:28:25Z MATLAB In T1_proper (line 237)
[LOCAL] 2026-04-02T15:28:25Z MATLAB In FBCSP_Training (line 38)
[LOCAL] 2026-04-02T15:28:26Z MATLAB Warning: When plotting pvalues in totoplot, use option 'conv' to minimize extrapolation effects
[LOCAL] 2026-04-02T15:28:27Z MATLAB Saved JSON config: /app/work/Work/TrainTest/- Fig/CSP-MI topoplot (restTask1,class1,band0).json
[LOCAL] 2026-04-02T15:28:28Z MATLAB Warning: When plotting pvalues in totoplot, use option 'conv' to minimize extrapolation effects
[LOCAL] 2026-04-02T15:28:28Z MATLAB Saved JSON config: /app/work/Work/TrainTest/- Fig/CSP-MI topoplot (restTask2,class1,band0).json
[LOCAL] 2026-04-02T15:28:29Z MATLAB Warning: When plotting pvalues in totoplot, use option 'conv' to minimize extrapolation effects
[LOCAL] 2026-04-02T15:28:30Z MATLAB Saved JSON config: /app/work/Work/TrainTest/- Fig/CSP-MI topoplot (restTask1,class1,band1.json
[LOCAL] 2026-04-02T15:28:30Z MATLAB Warning: When plotting pvalues in totoplot, use option 'conv' to minimize extrapolation effects
[LOCAL] 2026-04-02T15:28:30Z MATLAB Saved JSON config: /app/work/Work/TrainTest/- Fig/CSP-MI topoplot (restTask1,class1,band2.json
[LOCAL] 2026-04-02T15:28:31Z MATLAB Warning: When plotting pvalues in totoplot, use option 'conv' to minimize extrapolation effects
[LOCAL] 2026-04-02T15:28:31Z MATLAB Saved JSON config: /app/work/Work/TrainTest/- Fig/CSP-MI topoplot (restTask1,class1,band3.json
[LOCAL] 2026-04-02T15:28:31Z MATLAB Warning: When plotting pvalues in totoplot, use option 'conv' to minimize extrapolation effects
[LOCAL] 2026-04-02T15:28:32Z MATLAB Saved JSON config: /app/work/Work/TrainTest/- Fig/CSP-MI topoplot (restTask1,class1,band4.json
[LOCAL] 2026-04-02T15:28:32Z MATLAB Warning: When plotting pvalues in totoplot, use option 'conv' to minimize extrapolation effects
[LOCAL] 2026-04-02T15:28:33Z MATLAB Saved JSON config: /app/work/Work/TrainTest/- Fig/CSP-MI topoplot (restTask2,class1,band1.json
[LOCAL] 2026-04-02T15:28:33Z MATLAB Warning: When plotting pvalues in totoplot, use option 'conv' to minimize extrapolation effects
[LOCAL] 2026-04-02T15:28:34Z MATLAB Saved JSON config: /app/work/Work/TrainTest/- Fig/CSP-MI topoplot (restTask2,class1,band2.json
[LOCAL] 2026-04-02T15:28:34Z MATLAB Warning: When plotting pvalues in totoplot, use option 'conv' to minimize extrapolation effects
[LOCAL] 2026-04-02T15:28:35Z MATLAB Saved JSON config: /app/work/Work/TrainTest/- Fig/CSP-MI topoplot (restTask2,class1,band3.json
[LOCAL] 2026-04-02T15:28:35Z MATLAB Warning: When plotting pvalues in totoplot, use option 'conv' to minimize extrapolation effects
[LOCAL] 2026-04-02T15:28:36Z MATLAB Saved JSON config: /app/work/Work/TrainTest/- Fig/CSP-MI topoplot (restTask2,class1,band4.json
[LOCAL] 2026-04-02T15:28:36Z MATLAB Frequency evaluation v4 ...
[LOCAL] 2026-04-02T15:28:40Z MATLAB Saved JSON config: /app/work/Work/TrainTest/- Fig/heatmap (Freq v4).json
[LOCAL] 2026-04-02T15:28:40Z MATLAB Saving VA_TRANS structure ...
[LOCAL] 2026-04-02T15:28:40Z MATLAB Saving result structure ...
[LOCAL] 2026-04-02T15:28:40Z MATLAB Saving T1_results ...
[LOCAL] 2026-04-02T15:28:40Z MATLAB Saving T1_result_table ...
[LOCAL] 2026-04-02T15:28:40Z MATLAB Loading EEG_validation ...
[LOCAL] 2026-04-02T15:28:40Z MATLAB Loading autorun ...
[LOCAL] 2026-04-02T15:28:40Z MATLAB Loading config ...
[LOCAL] 2026-04-02T15:28:40Z MATLAB Loading w0_matrix for ClassPair1 ...
[LOCAL] 2026-04-02T15:28:41Z MATLAB Dataset loading: DONE
[LOCAL] 2026-04-02T15:28:41Z MATLAB 
[LOCAL] 2026-04-02T15:28:41Z MATLAB Autosave (it may take some minutes):
[LOCAL] 2026-04-02T15:28:41Z MATLAB Saving config structure ...
[LOCAL] 2026-04-02T15:28:41Z MATLAB Saving online structure ...
[LOCAL] 2026-04-02T15:28:41Z MATLAB 
[LOCAL] 2026-04-02T15:28:41Z MATLAB Running: Finished
[LOCAL] 2026-04-02T15:28:41Z MATLAB 
[LOCAL] 2026-04-02T15:28:45Z MATLAB File reorganization complete!
[LOCAL] 2026-04-02T15:28:45Z MATLAB   Files processed: 72
[LOCAL] 2026-04-02T15:28:45Z MATLAB   Files converted to JSON: 32
[LOCAL] 2026-04-02T15:28:45Z MATLAB   Files skipped: 0
{"resultsPath": "test-user/test-session/results"}
