[LOCAL] 2026-04-02T14:46:06Z Parallel enabled=1 workers=3 profile='(unset)'
[LOCAL] 2026-04-02T14:46:06Z LOCAL_SKIP_MATLAB=0
[LOCAL] 2026-04-02T14:46:06Z LOCAL TEST MODE: Using mounted test data
[LOCAL] 2026-04-02T14:46:06Z Unzipping input file
Archive:  /app/input.zip
  inflating: /app/work/Work/CSV/test-user/test-session/metadata.json  
  inflating: /app/work/Work/CSV/test-user/test-session/data.csv  
[LOCAL] 2026-04-02T14:46:07Z Loading metadata
[LOCAL] 2026-04-02T14:46:07Z Set env: EEGChannels=8
[LOCAL] 2026-04-02T14:46:07Z Set env: TriggerChannels=1
[LOCAL] 2026-04-02T14:46:07Z Set env: RunClassifier=false
[LOCAL] 2026-04-02T14:46:07Z Set env: Notch=0
[LOCAL] 2026-04-02T14:46:07Z Set env: DeviceFilter=false
[LOCAL] 2026-04-02T14:46:07Z Set env: Resolution=0
[LOCAL] 2026-04-02T14:46:07Z Set env: Frequency=125.0
[LOCAL] 2026-04-02T14:46:07Z Set env: HardwareFilter=true
[LOCAL] 2026-04-02T14:46:07Z Set env: SquareWaveTestMode=false
[LOCAL] 2026-04-02T14:46:07Z Set env: Classifier=null
[LOCAL] 2026-04-02T14:46:07Z === DEBUG ===
[LOCAL] 2026-04-02T14:46:07Z WORK_DIR: /app/work
[LOCAL] 2026-04-02T14:46:07Z OUTPUT_DIR: /app/work/Results
[LOCAL] 2026-04-02T14:46:07Z MCR_CACHE_ROOT: /tmp/mcr-cache
[LOCAL] 2026-04-02T14:46:07Z MATLAB_PREFDIR: /tmp/matlab-prefs
[LOCAL] 2026-04-02T14:46:07Z Files:
/app/work/Work/CSV/test-user/test-session/metadata.json
/app/work/Work/CSV/test-user/test-session/data.csv
/app/work/Dependents/Standard-10-20-Cap81.locs
[LOCAL] 2026-04-02T14:46:07Z =============
[LOCAL] 2026-04-02T14:46:07Z Running MATLAB executable
[LOCAL] 2026-04-02T14:46:07Z MATLAB ------------------------------------------
[LOCAL] 2026-04-02T14:46:07Z MATLAB Setting up environment variables
[LOCAL] 2026-04-02T14:46:07Z MATLAB ---
[LOCAL] 2026-04-02T14:46:07Z MATLAB LD_LIBRARY_PATH is .:/opt/matlabruntime/R2024b/runtime/glnxa64:/opt/matlabruntime/R2024b/bin/glnxa64:/opt/matlabruntime/R2024b/sys/os/glnxa64:/opt/matlabruntime/R2024b/sys/opengl/lib/glnxa64
[LOCAL] 2026-04-02T14:46:13Z MATLAB Converting CSV files in: /app/work/Work/CSV
[LOCAL] 2026-04-02T14:46:13Z MATLAB Output MAT files will be saved in: /app/work/Work/SourceData (EEG_rec)
[LOCAL] 2026-04-02T14:46:14Z MATLAB JSON converted to MATLAB struct and saved.
[LOCAL] 2026-04-02T14:46:15Z MATLAB Converting: /app/work/Work/CSV/test-user/test-session/data.csv
[LOCAL] 2026-04-02T14:46:15Z MATLAB Saved: /app/work/Work/SourceData (EEG_rec)/test-user/test-session/EEG_rec.mat
[LOCAL] 2026-04-02T14:46:15Z MATLAB Batch CSV-to-MAT conversion complete.
[LOCAL] 2026-04-02T14:46:15Z MATLAB 
[LOCAL] 2026-04-02T14:46:15Z MATLAB dataDir =
[LOCAL] 2026-04-02T14:46:15Z MATLAB 
[LOCAL] 2026-04-02T14:46:15Z MATLAB     '/app/work/Work/SourceData (EEG_rec)'
[LOCAL] 2026-04-02T14:46:15Z MATLAB 
[LOCAL] 2026-04-02T14:46:15Z MATLAB 
[LOCAL] 2026-04-02T14:46:15Z MATLAB chanlocDir =
[LOCAL] 2026-04-02T14:46:15Z MATLAB 
[LOCAL] 2026-04-02T14:46:15Z MATLAB     '/app/work/Dependents'
[LOCAL] 2026-04-02T14:46:15Z MATLAB 
[LOCAL] 2026-04-02T14:46:15Z MATLAB 
[LOCAL] 2026-04-02T14:46:15Z MATLAB dir0 =
[LOCAL] 2026-04-02T14:46:15Z MATLAB 
[LOCAL] 2026-04-02T14:46:15Z MATLAB     '/app/work/Work/SourceData (EEG_rec)'
[LOCAL] 2026-04-02T14:46:15Z MATLAB 
[LOCAL] 2026-04-02T14:46:15Z MATLAB 
[LOCAL] 2026-04-02T14:46:15Z MATLAB ________________________
[LOCAL] 2026-04-02T14:46:15Z MATLAB 
[LOCAL] 2026-04-02T14:46:15Z MATLAB Processing (#1/1) ...
[LOCAL] 2026-04-02T14:46:15Z MATLAB 
[LOCAL] 2026-04-02T14:46:15Z MATLAB ans =
[LOCAL] 2026-04-02T14:46:15Z MATLAB 
[LOCAL] 2026-04-02T14:46:15Z MATLAB     'downsample is off'
[LOCAL] 2026-04-02T14:46:15Z MATLAB 
[LOCAL] 2026-04-02T14:46:15Z MATLAB     "loading "    "/app/work/Work/SourceData (EEG..."
[LOCAL] 2026-04-02T14:46:15Z MATLAB 
[LOCAL] 2026-04-02T14:46:15Z MATLAB 
[LOCAL] 2026-04-02T14:46:15Z MATLAB ans =
[LOCAL] 2026-04-02T14:46:15Z MATLAB 
[LOCAL] 2026-04-02T14:46:15Z MATLAB     'downsample is off'
[LOCAL] 2026-04-02T14:46:15Z MATLAB 
[LOCAL] 2026-04-02T14:46:15Z MATLAB Prep plus (EEG):
[LOCAL] 2026-04-02T14:46:15Z MATLAB SubjID2: 1/1, SessionID2: 1/1
[LOCAL] 2026-04-02T14:46:15Z MATLAB Loading EEG_rec dataset ...
[LOCAL] 2026-04-02T14:46:15Z MATLAB Dataset loading: DONE
[LOCAL] 2026-04-02T14:46:15Z MATLAB 
[LOCAL] 2026-04-02T14:46:15Z MATLAB Saving config structure ...
[LOCAL] 2026-04-02T14:46:15Z MATLAB Saving autorun structure ...
[LOCAL] 2026-04-02T14:46:15Z MATLAB Saving EEG_validation structure ...
[LOCAL] 2026-04-02T14:46:15Z MATLAB 
[LOCAL] 2026-04-02T14:46:15Z MATLAB Running: Finished
[LOCAL] 2026-04-02T14:46:15Z MATLAB 
[LOCAL] 2026-04-02T14:46:15Z MATLAB Prep plus (EEG):
[LOCAL] 2026-04-02T14:46:15Z MATLAB 
[LOCAL] 2026-04-02T14:46:16Z MATLAB Loading A09_EEG_validation_01 [EEG_validation].mat ...
[LOCAL] 2026-04-02T14:46:16Z MATLAB At /app/work/Work/TrainTest/Prep plus/EEG/A09_EEG_validation_01 [EEG_validation].mat ...
[LOCAL] 2026-04-02T14:46:16Z MATLAB Dataset loading: DONE
[LOCAL] 2026-04-02T14:46:16Z MATLAB 
[LOCAL] 2026-04-02T14:46:16Z MATLAB Loading EEG_rec dataset ...
[LOCAL] 2026-04-02T14:46:16Z MATLAB Dataset loading: DONE
[LOCAL] 2026-04-02T14:46:16Z MATLAB 
[LOCAL] 2026-04-02T14:46:16Z MATLAB SubjID2: 1/1, SessionID2: 1/1, BandID: 3/12
[LOCAL] 2026-04-02T14:46:20Z MATLAB SubjID2: 1/1, SessionID2: 1/1, BandID: 4/12
[LOCAL] 2026-04-02T14:46:20Z MATLAB SubjID2: 1/1, SessionID2: 1/1, BandID: 5/12
[LOCAL] 2026-04-02T14:46:20Z MATLAB SubjID2: 1/1, SessionID2: 1/1, BandID: 6/12
[LOCAL] 2026-04-02T14:46:20Z MATLAB Saving tr{SubjID2,SessionID2} structure ...
[LOCAL] 2026-04-02T14:46:21Z MATLAB Saving config structure ...
[LOCAL] 2026-04-02T14:46:21Z MATLAB Saving autorun structure ...
[LOCAL] 2026-04-02T14:46:21Z MATLAB 
[LOCAL] 2026-04-02T14:46:21Z MATLAB Running: Finished
[LOCAL] 2026-04-02T14:46:21Z MATLAB 
[LOCAL] 2026-04-02T14:46:21Z MATLAB Elapsed time is 5.362661 seconds.
[LOCAL] 2026-04-02T14:46:21Z MATLAB Prep plus (EEG):
[LOCAL] 2026-04-02T14:46:21Z MATLAB 
[LOCAL] 2026-04-02T14:46:21Z MATLAB Loading A10_offlineClass_prep_01 [autorun].mat ...
[LOCAL] 2026-04-02T14:46:21Z MATLAB Loading A10_offlineClass_prep_01 [config].mat ...
[LOCAL] 2026-04-02T14:46:21Z MATLAB SubjID2: 1/1, SessionID2: 1/1
[LOCAL] 2026-04-02T14:46:21Z MATLAB Loading tr{1,1}.mat ...
[LOCAL] 2026-04-02T14:46:21Z MATLAB Dataset loading: DONE
[LOCAL] 2026-04-02T14:46:21Z MATLAB 
[LOCAL] 2026-04-02T14:46:21Z MATLAB Saving tr_validMask structure ...
[LOCAL] 2026-04-02T14:46:21Z MATLAB 
[LOCAL] 2026-04-02T14:46:21Z MATLAB Running: Finished
[LOCAL] 2026-04-02T14:46:21Z MATLAB 
[LOCAL] 2026-04-02T14:46:21Z MATLAB Prep plus (EEG):
[LOCAL] 2026-04-02T14:46:21Z MATLAB 
[LOCAL] 2026-04-02T14:46:21Z MATLAB Loading A10_offlineClass_prep_01 [autorun].mat ...
[LOCAL] 2026-04-02T14:46:21Z MATLAB Loading A10_offlineClass_prep_01 [config].mat ...
[LOCAL] 2026-04-02T14:46:21Z MATLAB SubjID2: 1/1, SessionID2: 1/1
[LOCAL] 2026-04-02T14:46:21Z MATLAB Loading tr{1,1}.mat ...
[LOCAL] 2026-04-02T14:46:21Z MATLAB Saving classTrials{1,1} structure ...
[LOCAL] 2026-04-02T14:46:22Z MATLAB 
[LOCAL] 2026-04-02T14:46:22Z MATLAB Saving config structure ...
[LOCAL] 2026-04-02T14:46:22Z MATLAB Saving autorun structure ...
[LOCAL] 2026-04-02T14:46:22Z MATLAB 
[LOCAL] 2026-04-02T14:46:22Z MATLAB Running: Finished
[LOCAL] 2026-04-02T14:46:22Z MATLAB 
[LOCAL] 2026-04-02T14:46:22Z MATLAB Elapsed time is 0.652747 seconds.
[LOCAL] 2026-04-02T14:46:22Z MATLAB TM(0) trainTest: 1/4
[LOCAL] 2026-04-02T14:46:24Z MATLAB Starting parallel pool (parpool) using the 'Processes' profile ...
[LOCAL] 2026-04-02T14:46:39Z MATLAB Connected to parallel pool with 3 workers.
[LOCAL] 2026-04-02T14:46:39Z MATLAB 
[LOCAL] 2026-04-02T14:46:39Z MATLAB ans = 
[LOCAL] 2026-04-02T14:46:39Z MATLAB 
[LOCAL] 2026-04-02T14:46:39Z MATLAB  ProcessPool with properties: 
[LOCAL] 2026-04-02T14:46:39Z MATLAB 
[LOCAL] 2026-04-02T14:46:39Z MATLAB             Connected: true
[LOCAL] 2026-04-02T14:46:39Z MATLAB            NumWorkers: 3
[LOCAL] 2026-04-02T14:46:39Z MATLAB                  Busy: false
[LOCAL] 2026-04-02T14:46:39Z MATLAB               Cluster: Processes (Local Cluster)
[LOCAL] 2026-04-02T14:46:39Z MATLAB         AttachedFiles: {}
[LOCAL] 2026-04-02T14:46:39Z MATLAB     AutoAddClientPath: true
[LOCAL] 2026-04-02T14:46:39Z MATLAB             FileStore: [1x1 parallel.FileStore]
[LOCAL] 2026-04-02T14:46:39Z MATLAB            ValueStore: [1x1 parallel.ValueStore]
[LOCAL] 2026-04-02T14:46:39Z MATLAB           IdleTimeout: 30 minutes (30 minutes remaining)
[LOCAL] 2026-04-02T14:46:39Z MATLAB           SpmdEnabled: true
[LOCAL] 2026-04-02T14:46:39Z MATLAB 
[LOCAL] 2026-04-02T14:48:31Z MATLAB TM(0) trainTest: 2/4
[LOCAL] 2026-04-02T14:50:23Z MATLAB TM(0) trainTest: 3/4
[LOCAL] 2026-04-02T14:52:13Z MATLAB TM(0) trainTest: 4/4
[LOCAL] 2026-04-02T14:54:05Z MATLAB TM(0) DA eval ...
[LOCAL] 2026-04-02T14:54:09Z MATLAB Copy: Standard-10-20-Cap81.locs ...
[LOCAL] 2026-04-02T14:54:09Z MATLAB DONE.
[LOCAL] 2026-04-02T14:54:09Z MATLAB Loading /app/work/Work/TrainTest/Prep plus/EEG/tr{1,1}.mat ...
[LOCAL] 2026-04-02T14:54:15Z MATLAB Saved JSON config: /app/work/Work/TrainTest/- Fig/DA plot.json
[LOCAL] 2026-04-02T14:54:16Z MATLAB Saved JSON config: /app/work/Work/TrainTest/- Fig/DA plot (smoothed).json
[LOCAL] 2026-04-02T14:54:16Z MATLAB Preparing Freq and Topoplots
[LOCAL] 2026-04-02T14:54:16Z MATLAB Loading data files ...
[LOCAL] 2026-04-02T14:54:17Z MATLAB readlocs(): 'loc' format assumed from file extension
[LOCAL] 2026-04-02T14:54:18Z MATLAB Dataset loading: DONE
[LOCAL] 2026-04-02T14:54:18Z MATLAB 
[LOCAL] 2026-04-02T14:54:18Z MATLAB Common codes for topoplots ...
[LOCAL] 2026-04-02T14:54:18Z MATLAB CSP/MI weight topoplot ...
[LOCAL] 2026-04-02T14:54:20Z MATLAB Warning: Using interpolated shading in scalp topographies prevent to export them as vectorized figures
[LOCAL] 2026-04-02T14:54:20Z MATLAB > In topoplot (line 549)
[LOCAL] 2026-04-02T14:54:20Z MATLAB In VAv2_Hacked_VB_FBCSP_eval_figures_func_01 (line 588)
[LOCAL] 2026-04-02T14:54:20Z MATLAB In TAv2_TrainTest (line 676)
[LOCAL] 2026-04-02T14:54:20Z MATLAB In T1_proper (line 237)
[LOCAL] 2026-04-02T14:54:20Z MATLAB In FBCSP_Training (line 38)
[LOCAL] 2026-04-02T14:54:21Z MATLAB Warning: When plotting pvalues in totoplot, use option 'conv' to minimize extrapolation effects
[LOCAL] 2026-04-02T14:54:23Z MATLAB Saved JSON config: /app/work/Work/TrainTest/- Fig/CSP-MI topoplot (restTask1,class1,band0).json
[LOCAL] 2026-04-02T14:54:23Z MATLAB Warning: When plotting pvalues in totoplot, use option 'conv' to minimize extrapolation effects
[LOCAL] 2026-04-02T14:54:24Z MATLAB Saved JSON config: /app/work/Work/TrainTest/- Fig/CSP-MI topoplot (restTask2,class1,band0).json
[LOCAL] 2026-04-02T14:54:24Z MATLAB Warning: When plotting pvalues in totoplot, use option 'conv' to minimize extrapolation effects
[LOCAL] 2026-04-02T14:54:25Z MATLAB Saved JSON config: /app/work/Work/TrainTest/- Fig/CSP-MI topoplot (restTask1,class1,band1.json
[LOCAL] 2026-04-02T14:54:25Z MATLAB Warning: When plotting pvalues in totoplot, use option 'conv' to minimize extrapolation effects
[LOCAL] 2026-04-02T14:54:26Z MATLAB Saved JSON config: /app/work/Work/TrainTest/- Fig/CSP-MI topoplot (restTask1,class1,band2.json
[LOCAL] 2026-04-02T14:54:26Z MATLAB Warning: When plotting pvalues in totoplot, use option 'conv' to minimize extrapolation effects
[LOCAL] 2026-04-02T14:54:27Z MATLAB Saved JSON config: /app/work/Work/TrainTest/- Fig/CSP-MI topoplot (restTask1,class1,band3.json
[LOCAL] 2026-04-02T14:54:27Z MATLAB Warning: When plotting pvalues in totoplot, use option 'conv' to minimize extrapolation effects
[LOCAL] 2026-04-02T14:54:28Z MATLAB Saved JSON config: /app/work/Work/TrainTest/- Fig/CSP-MI topoplot (restTask1,class1,band4.json
[LOCAL] 2026-04-02T14:54:28Z MATLAB Warning: When plotting pvalues in totoplot, use option 'conv' to minimize extrapolation effects
[LOCAL] 2026-04-02T14:54:29Z MATLAB Saved JSON config: /app/work/Work/TrainTest/- Fig/CSP-MI topoplot (restTask2,class1,band1.json
[LOCAL] 2026-04-02T14:54:29Z MATLAB Warning: When plotting pvalues in totoplot, use option 'conv' to minimize extrapolation effects
[LOCAL] 2026-04-02T14:54:30Z MATLAB Saved JSON config: /app/work/Work/TrainTest/- Fig/CSP-MI topoplot (restTask2,class1,band2.json
[LOCAL] 2026-04-02T14:54:30Z MATLAB Warning: When plotting pvalues in totoplot, use option 'conv' to minimize extrapolation effects
[LOCAL] 2026-04-02T14:54:31Z MATLAB Saved JSON config: /app/work/Work/TrainTest/- Fig/CSP-MI topoplot (restTask2,class1,band3.json
[LOCAL] 2026-04-02T14:54:31Z MATLAB Warning: When plotting pvalues in totoplot, use option 'conv' to minimize extrapolation effects
[LOCAL] 2026-04-02T14:54:31Z MATLAB Saved JSON config: /app/work/Work/TrainTest/- Fig/CSP-MI topoplot (restTask2,class1,band4.json
[LOCAL] 2026-04-02T14:54:31Z MATLAB Frequency evaluation v4 ...
[LOCAL] 2026-04-02T14:54:36Z MATLAB Saved JSON config: /app/work/Work/TrainTest/- Fig/heatmap (Freq v4).json
[LOCAL] 2026-04-02T14:54:36Z MATLAB Saving VA_TRANS structure ...
[LOCAL] 2026-04-02T14:54:36Z MATLAB Saving result structure ...
[LOCAL] 2026-04-02T14:54:36Z MATLAB Saving T1_results ...
[LOCAL] 2026-04-02T14:54:36Z MATLAB Saving T1_result_table ...
[LOCAL] 2026-04-02T14:54:36Z MATLAB Loading EEG_validation ...
[LOCAL] 2026-04-02T14:54:36Z MATLAB Loading autorun ...
[LOCAL] 2026-04-02T14:54:36Z MATLAB Loading config ...
[LOCAL] 2026-04-02T14:54:36Z MATLAB Loading w0_matrix for ClassPair1 ...
[LOCAL] 2026-04-02T14:54:37Z MATLAB Dataset loading: DONE
[LOCAL] 2026-04-02T14:54:37Z MATLAB 
[LOCAL] 2026-04-02T14:54:37Z MATLAB Autosave (it may take some minutes):
[LOCAL] 2026-04-02T14:54:37Z MATLAB Saving config structure ...
[LOCAL] 2026-04-02T14:54:37Z MATLAB Saving online structure ...
[LOCAL] 2026-04-02T14:54:37Z MATLAB 
[LOCAL] 2026-04-02T14:54:37Z MATLAB Running: Finished
[LOCAL] 2026-04-02T14:54:37Z MATLAB 
[LOCAL] 2026-04-02T14:54:41Z MATLAB File reorganization complete!
[LOCAL] 2026-04-02T14:54:41Z MATLAB   Files processed: 72
[LOCAL] 2026-04-02T14:54:41Z MATLAB   Files converted to JSON: 32
[LOCAL] 2026-04-02T14:54:41Z MATLAB   Files skipped: 0
{"resultsPath": "test-user/test-session/results"}
