[LOCAL] 2026-04-02T13:25:25Z Parallel enabled=0 workers=1 profile='(unset)'
[LOCAL] 2026-04-02T13:25:25Z LOCAL_SKIP_MATLAB=0
[LOCAL] 2026-04-02T13:25:25Z LOCAL TEST MODE: Using mounted test data
[LOCAL] 2026-04-02T13:25:25Z Unzipping input file
Archive:  /app/input.zip
  inflating: /app/work/Work/CSV/test-user/test-session/metadata.json  
  inflating: /app/work/Work/CSV/test-user/test-session/data.csv  
[LOCAL] 2026-04-02T13:25:25Z Loading metadata
[LOCAL] 2026-04-02T13:25:25Z Set env: EEGChannels=8
[LOCAL] 2026-04-02T13:25:25Z Set env: TriggerChannels=1
[LOCAL] 2026-04-02T13:25:25Z Set env: RunClassifier=false
[LOCAL] 2026-04-02T13:25:25Z Set env: Notch=0
[LOCAL] 2026-04-02T13:25:25Z Set env: DeviceFilter=false
[LOCAL] 2026-04-02T13:25:25Z Set env: Resolution=0
[LOCAL] 2026-04-02T13:25:25Z Set env: Frequency=125.0
[LOCAL] 2026-04-02T13:25:25Z Set env: HardwareFilter=true
[LOCAL] 2026-04-02T13:25:25Z Set env: SquareWaveTestMode=false
[LOCAL] 2026-04-02T13:25:25Z Set env: Classifier=null
[LOCAL] 2026-04-02T13:25:25Z === DEBUG ===
[LOCAL] 2026-04-02T13:25:25Z WORK_DIR: /app/work
[LOCAL] 2026-04-02T13:25:25Z OUTPUT_DIR: /app/work/Results
[LOCAL] 2026-04-02T13:25:25Z MCR_CACHE_ROOT: /tmp/mcr-cache
[LOCAL] 2026-04-02T13:25:25Z MATLAB_PREFDIR: /tmp/matlab-prefs
[LOCAL] 2026-04-02T13:25:25Z Files:
/app/work/Work/CSV/test-user/test-session/metadata.json
/app/work/Work/CSV/test-user/test-session/data.csv
/app/work/Dependents/Standard-10-20-Cap81.locs
[LOCAL] 2026-04-02T13:25:25Z =============
[LOCAL] 2026-04-02T13:25:25Z Running MATLAB executable
[LOCAL] 2026-04-02T13:25:25Z MATLAB ------------------------------------------
[LOCAL] 2026-04-02T13:25:25Z MATLAB Setting up environment variables
[LOCAL] 2026-04-02T13:25:25Z MATLAB ---
[LOCAL] 2026-04-02T13:25:25Z MATLAB LD_LIBRARY_PATH is .:/opt/matlabruntime/R2024b/runtime/glnxa64:/opt/matlabruntime/R2024b/bin/glnxa64:/opt/matlabruntime/R2024b/sys/os/glnxa64:/opt/matlabruntime/R2024b/sys/opengl/lib/glnxa64
[LOCAL] 2026-04-02T13:25:31Z MATLAB Converting CSV files in: /app/work/Work/CSV
[LOCAL] 2026-04-02T13:25:31Z MATLAB Output MAT files will be saved in: /app/work/Work/SourceData (EEG_rec)
[LOCAL] 2026-04-02T13:25:32Z MATLAB JSON converted to MATLAB struct and saved.
[LOCAL] 2026-04-02T13:25:33Z MATLAB Converting: /app/work/Work/CSV/test-user/test-session/data.csv
[LOCAL] 2026-04-02T13:25:33Z MATLAB Saved: /app/work/Work/SourceData (EEG_rec)/test-user/test-session/EEG_rec.mat
[LOCAL] 2026-04-02T13:25:33Z MATLAB Batch CSV-to-MAT conversion complete.
[LOCAL] 2026-04-02T13:25:33Z MATLAB 
[LOCAL] 2026-04-02T13:25:33Z MATLAB dataDir =
[LOCAL] 2026-04-02T13:25:33Z MATLAB 
[LOCAL] 2026-04-02T13:25:33Z MATLAB     '/app/work/Work/SourceData (EEG_rec)'
[LOCAL] 2026-04-02T13:25:33Z MATLAB 
[LOCAL] 2026-04-02T13:25:33Z MATLAB 
[LOCAL] 2026-04-02T13:25:33Z MATLAB chanlocDir =
[LOCAL] 2026-04-02T13:25:33Z MATLAB 
[LOCAL] 2026-04-02T13:25:33Z MATLAB     '/app/work/Dependents'
[LOCAL] 2026-04-02T13:25:33Z MATLAB 
[LOCAL] 2026-04-02T13:25:33Z MATLAB 
[LOCAL] 2026-04-02T13:25:33Z MATLAB dir0 =
[LOCAL] 2026-04-02T13:25:33Z MATLAB 
[LOCAL] 2026-04-02T13:25:33Z MATLAB     '/app/work/Work/SourceData (EEG_rec)'
[LOCAL] 2026-04-02T13:25:33Z MATLAB 
[LOCAL] 2026-04-02T13:25:33Z MATLAB 
[LOCAL] 2026-04-02T13:25:33Z MATLAB ________________________
[LOCAL] 2026-04-02T13:25:33Z MATLAB 
[LOCAL] 2026-04-02T13:25:33Z MATLAB Processing (#1/1) ...
[LOCAL] 2026-04-02T13:25:33Z MATLAB 
[LOCAL] 2026-04-02T13:25:33Z MATLAB ans =
[LOCAL] 2026-04-02T13:25:33Z MATLAB 
[LOCAL] 2026-04-02T13:25:33Z MATLAB     'downsample is off'
[LOCAL] 2026-04-02T13:25:33Z MATLAB 
[LOCAL] 2026-04-02T13:25:34Z MATLAB     "loading "    "/app/work/Work/SourceData (EEG..."
[LOCAL] 2026-04-02T13:25:34Z MATLAB 
[LOCAL] 2026-04-02T13:25:34Z MATLAB 
[LOCAL] 2026-04-02T13:25:34Z MATLAB ans =
[LOCAL] 2026-04-02T13:25:34Z MATLAB 
[LOCAL] 2026-04-02T13:25:34Z MATLAB     'downsample is off'
[LOCAL] 2026-04-02T13:25:34Z MATLAB 
[LOCAL] 2026-04-02T13:25:34Z MATLAB Prep plus (EEG):
[LOCAL] 2026-04-02T13:25:34Z MATLAB SubjID2: 1/1, SessionID2: 1/1
[LOCAL] 2026-04-02T13:25:34Z MATLAB Loading EEG_rec dataset ...
[LOCAL] 2026-04-02T13:25:34Z MATLAB Dataset loading: DONE
[LOCAL] 2026-04-02T13:25:34Z MATLAB 
[LOCAL] 2026-04-02T13:25:34Z MATLAB Saving config structure ...
[LOCAL] 2026-04-02T13:25:34Z MATLAB Saving autorun structure ...
[LOCAL] 2026-04-02T13:25:34Z MATLAB Saving EEG_validation structure ...
[LOCAL] 2026-04-02T13:25:34Z MATLAB 
[LOCAL] 2026-04-02T13:25:34Z MATLAB Running: Finished
[LOCAL] 2026-04-02T13:25:34Z MATLAB 
[LOCAL] 2026-04-02T13:25:34Z MATLAB Prep plus (EEG):
[LOCAL] 2026-04-02T13:25:34Z MATLAB 
[LOCAL] 2026-04-02T13:25:34Z MATLAB Loading A09_EEG_validation_01 [EEG_validation].mat ...
[LOCAL] 2026-04-02T13:25:34Z MATLAB At /app/work/Work/TrainTest/Prep plus/EEG/A09_EEG_validation_01 [EEG_validation].mat ...
[LOCAL] 2026-04-02T13:25:34Z MATLAB Dataset loading: DONE
[LOCAL] 2026-04-02T13:25:34Z MATLAB 
[LOCAL] 2026-04-02T13:25:34Z MATLAB Loading EEG_rec dataset ...
[LOCAL] 2026-04-02T13:25:34Z MATLAB Dataset loading: DONE
[LOCAL] 2026-04-02T13:25:34Z MATLAB 
[LOCAL] 2026-04-02T13:25:34Z MATLAB SubjID2: 1/1, SessionID2: 1/1, BandID: 3/12
[LOCAL] 2026-04-02T13:25:38Z MATLAB SubjID2: 1/1, SessionID2: 1/1, BandID: 4/12
[LOCAL] 2026-04-02T13:25:38Z MATLAB SubjID2: 1/1, SessionID2: 1/1, BandID: 5/12
[LOCAL] 2026-04-02T13:25:38Z MATLAB SubjID2: 1/1, SessionID2: 1/1, BandID: 6/12
[LOCAL] 2026-04-02T13:25:38Z MATLAB Saving tr{SubjID2,SessionID2} structure ...
[LOCAL] 2026-04-02T13:25:39Z MATLAB Saving config structure ...
[LOCAL] 2026-04-02T13:25:39Z MATLAB Saving autorun structure ...
[LOCAL] 2026-04-02T13:25:39Z MATLAB 
[LOCAL] 2026-04-02T13:25:39Z MATLAB Running: Finished
[LOCAL] 2026-04-02T13:25:39Z MATLAB 
[LOCAL] 2026-04-02T13:25:39Z MATLAB Elapsed time is 5.268169 seconds.
[LOCAL] 2026-04-02T13:25:39Z MATLAB Prep plus (EEG):
[LOCAL] 2026-04-02T13:25:39Z MATLAB 
[LOCAL] 2026-04-02T13:25:39Z MATLAB Loading A10_offlineClass_prep_01 [autorun].mat ...
[LOCAL] 2026-04-02T13:25:39Z MATLAB Loading A10_offlineClass_prep_01 [config].mat ...
[LOCAL] 2026-04-02T13:25:39Z MATLAB SubjID2: 1/1, SessionID2: 1/1
[LOCAL] 2026-04-02T13:25:39Z MATLAB Loading tr{1,1}.mat ...
[LOCAL] 2026-04-02T13:25:39Z MATLAB Dataset loading: DONE
[LOCAL] 2026-04-02T13:25:39Z MATLAB 
[LOCAL] 2026-04-02T13:25:39Z MATLAB Saving tr_validMask structure ...
[LOCAL] 2026-04-02T13:25:39Z MATLAB 
[LOCAL] 2026-04-02T13:25:39Z MATLAB Running: Finished
[LOCAL] 2026-04-02T13:25:39Z MATLAB 
[LOCAL] 2026-04-02T13:25:39Z MATLAB Prep plus (EEG):
[LOCAL] 2026-04-02T13:25:39Z MATLAB 
[LOCAL] 2026-04-02T13:25:39Z MATLAB Loading A10_offlineClass_prep_01 [autorun].mat ...
[LOCAL] 2026-04-02T13:25:39Z MATLAB Loading A10_offlineClass_prep_01 [config].mat ...
[LOCAL] 2026-04-02T13:25:39Z MATLAB SubjID2: 1/1, SessionID2: 1/1
[LOCAL] 2026-04-02T13:25:39Z MATLAB Loading tr{1,1}.mat ...
[LOCAL] 2026-04-02T13:25:39Z MATLAB Saving classTrials{1,1} structure ...
[LOCAL] 2026-04-02T13:25:40Z MATLAB 
[LOCAL] 2026-04-02T13:25:40Z MATLAB Saving config structure ...
[LOCAL] 2026-04-02T13:25:40Z MATLAB Saving autorun structure ...
[LOCAL] 2026-04-02T13:25:40Z MATLAB 
[LOCAL] 2026-04-02T13:25:40Z MATLAB Running: Finished
[LOCAL] 2026-04-02T13:25:40Z MATLAB 
[LOCAL] 2026-04-02T13:25:40Z MATLAB Elapsed time is 0.731205 seconds.
[LOCAL] 2026-04-02T13:25:40Z MATLAB TM(0) trainTest: 1/4
[LOCAL] 2026-04-02T13:25:42Z MATLAB Starting parallel pool (parpool) using the 'Processes' profile ...
[LOCAL] 2026-04-02T13:25:54Z MATLAB Connected to parallel pool with 1 workers.
[LOCAL] 2026-04-02T13:25:54Z MATLAB 
[LOCAL] 2026-04-02T13:25:54Z MATLAB ans = 
[LOCAL] 2026-04-02T13:25:54Z MATLAB 
[LOCAL] 2026-04-02T13:25:54Z MATLAB  ProcessPool with properties: 
[LOCAL] 2026-04-02T13:25:54Z MATLAB 
[LOCAL] 2026-04-02T13:25:55Z MATLAB             Connected: true
[LOCAL] 2026-04-02T13:25:55Z MATLAB            NumWorkers: 1
[LOCAL] 2026-04-02T13:25:55Z MATLAB                  Busy: false
[LOCAL] 2026-04-02T13:25:55Z MATLAB               Cluster: Processes (Local Cluster)
[LOCAL] 2026-04-02T13:25:55Z MATLAB         AttachedFiles: {}
[LOCAL] 2026-04-02T13:25:55Z MATLAB     AutoAddClientPath: true
[LOCAL] 2026-04-02T13:25:55Z MATLAB             FileStore: [1x1 parallel.FileStore]
[LOCAL] 2026-04-02T13:25:55Z MATLAB            ValueStore: [1x1 parallel.ValueStore]
[LOCAL] 2026-04-02T13:25:55Z MATLAB           IdleTimeout: 30 minutes (30 minutes remaining)
[LOCAL] 2026-04-02T13:25:55Z MATLAB           SpmdEnabled: true
[LOCAL] 2026-04-02T13:25:55Z MATLAB 
[LOCAL] 2026-04-02T13:29:06Z MATLAB TM(0) trainTest: 2/4
[LOCAL] 2026-04-02T13:32:18Z MATLAB TM(0) trainTest: 3/4
[LOCAL] 2026-04-02T13:35:29Z MATLAB TM(0) trainTest: 4/4
[LOCAL] 2026-04-02T13:38:43Z MATLAB TM(0) DA eval ...
[LOCAL] 2026-04-02T13:38:48Z MATLAB Copy: Standard-10-20-Cap81.locs ...
[LOCAL] 2026-04-02T13:38:48Z MATLAB DONE.
[LOCAL] 2026-04-02T13:38:48Z MATLAB Loading /app/work/Work/TrainTest/Prep plus/EEG/tr{1,1}.mat ...
[LOCAL] 2026-04-02T13:38:53Z MATLAB Saved JSON config: /app/work/Work/TrainTest/- Fig/DA plot.json
[LOCAL] 2026-04-02T13:38:54Z MATLAB Saved JSON config: /app/work/Work/TrainTest/- Fig/DA plot (smoothed).json
[LOCAL] 2026-04-02T13:38:54Z MATLAB Preparing Freq and Topoplots
[LOCAL] 2026-04-02T13:38:54Z MATLAB Loading data files ...
[LOCAL] 2026-04-02T13:38:55Z MATLAB readlocs(): 'loc' format assumed from file extension
[LOCAL] 2026-04-02T13:38:55Z MATLAB Dataset loading: DONE
[LOCAL] 2026-04-02T13:38:55Z MATLAB 
[LOCAL] 2026-04-02T13:38:55Z MATLAB Common codes for topoplots ...
[LOCAL] 2026-04-02T13:38:55Z MATLAB CSP/MI weight topoplot ...
[LOCAL] 2026-04-02T13:38:58Z MATLAB Warning: Using interpolated shading in scalp topographies prevent to export them as vectorized figures
[LOCAL] 2026-04-02T13:38:58Z MATLAB > In topoplot (line 549)
[LOCAL] 2026-04-02T13:38:58Z MATLAB In VAv2_Hacked_VB_FBCSP_eval_figures_func_01 (line 588)
[LOCAL] 2026-04-02T13:38:58Z MATLAB In TAv2_TrainTest (line 676)
[LOCAL] 2026-04-02T13:38:58Z MATLAB In T1_proper (line 237)
[LOCAL] 2026-04-02T13:38:58Z MATLAB In FBCSP_Training (line 38)
[LOCAL] 2026-04-02T13:38:58Z MATLAB Warning: When plotting pvalues in totoplot, use option 'conv' to minimize extrapolation effects
[LOCAL] 2026-04-02T13:39:00Z MATLAB Saved JSON config: /app/work/Work/TrainTest/- Fig/CSP-MI topoplot (restTask1,class1,band0).json
[LOCAL] 2026-04-02T13:39:00Z MATLAB Warning: When plotting pvalues in totoplot, use option 'conv' to minimize extrapolation effects
[LOCAL] 2026-04-02T13:39:01Z MATLAB Saved JSON config: /app/work/Work/TrainTest/- Fig/CSP-MI topoplot (restTask2,class1,band0).json
[LOCAL] 2026-04-02T13:39:01Z MATLAB Warning: When plotting pvalues in totoplot, use option 'conv' to minimize extrapolation effects
[LOCAL] 2026-04-02T13:39:02Z MATLAB Saved JSON config: /app/work/Work/TrainTest/- Fig/CSP-MI topoplot (restTask1,class1,band1.json
[LOCAL] 2026-04-02T13:39:02Z MATLAB Warning: When plotting pvalues in totoplot, use option 'conv' to minimize extrapolation effects
[LOCAL] 2026-04-02T13:39:03Z MATLAB Saved JSON config: /app/work/Work/TrainTest/- Fig/CSP-MI topoplot (restTask1,class1,band2.json
[LOCAL] 2026-04-02T13:39:03Z MATLAB Warning: When plotting pvalues in totoplot, use option 'conv' to minimize extrapolation effects
[LOCAL] 2026-04-02T13:39:04Z MATLAB Saved JSON config: /app/work/Work/TrainTest/- Fig/CSP-MI topoplot (restTask1,class1,band3.json
[LOCAL] 2026-04-02T13:39:04Z MATLAB Warning: When plotting pvalues in totoplot, use option 'conv' to minimize extrapolation effects
[LOCAL] 2026-04-02T13:39:04Z MATLAB Saved JSON config: /app/work/Work/TrainTest/- Fig/CSP-MI topoplot (restTask1,class1,band4.json
[LOCAL] 2026-04-02T13:39:04Z MATLAB Warning: When plotting pvalues in totoplot, use option 'conv' to minimize extrapolation effects
[LOCAL] 2026-04-02T13:39:05Z MATLAB Saved JSON config: /app/work/Work/TrainTest/- Fig/CSP-MI topoplot (restTask2,class1,band1.json
[LOCAL] 2026-04-02T13:39:05Z MATLAB Warning: When plotting pvalues in totoplot, use option 'conv' to minimize extrapolation effects
[LOCAL] 2026-04-02T13:39:05Z MATLAB Saved JSON config: /app/work/Work/TrainTest/- Fig/CSP-MI topoplot (restTask2,class1,band2.json
[LOCAL] 2026-04-02T13:39:05Z MATLAB Warning: When plotting pvalues in totoplot, use option 'conv' to minimize extrapolation effects
[LOCAL] 2026-04-02T13:39:06Z MATLAB Saved JSON config: /app/work/Work/TrainTest/- Fig/CSP-MI topoplot (restTask2,class1,band3.json
[LOCAL] 2026-04-02T13:39:06Z MATLAB Warning: When plotting pvalues in totoplot, use option 'conv' to minimize extrapolation effects
[LOCAL] 2026-04-02T13:39:07Z MATLAB Saved JSON config: /app/work/Work/TrainTest/- Fig/CSP-MI topoplot (restTask2,class1,band4.json
[LOCAL] 2026-04-02T13:39:07Z MATLAB Frequency evaluation v4 ...
[LOCAL] 2026-04-02T13:39:10Z MATLAB Saved JSON config: /app/work/Work/TrainTest/- Fig/heatmap (Freq v4).json
[LOCAL] 2026-04-02T13:39:10Z MATLAB Saving VA_TRANS structure ...
[LOCAL] 2026-04-02T13:39:10Z MATLAB Saving result structure ...
[LOCAL] 2026-04-02T13:39:10Z MATLAB Saving T1_results ...
[LOCAL] 2026-04-02T13:39:10Z MATLAB Saving T1_result_table ...
[LOCAL] 2026-04-02T13:39:11Z MATLAB Loading EEG_validation ...
[LOCAL] 2026-04-02T13:39:11Z MATLAB Loading autorun ...
[LOCAL] 2026-04-02T13:39:11Z MATLAB Loading config ...
[LOCAL] 2026-04-02T13:39:11Z MATLAB Loading w0_matrix for ClassPair1 ...
[LOCAL] 2026-04-02T13:39:11Z MATLAB Dataset loading: DONE
[LOCAL] 2026-04-02T13:39:11Z MATLAB 
[LOCAL] 2026-04-02T13:39:11Z MATLAB Autosave (it may take some minutes):
[LOCAL] 2026-04-02T13:39:11Z MATLAB Saving config structure ...
[LOCAL] 2026-04-02T13:39:11Z MATLAB Saving online structure ...
[LOCAL] 2026-04-02T13:39:11Z MATLAB 
[LOCAL] 2026-04-02T13:39:11Z MATLAB Running: Finished
[LOCAL] 2026-04-02T13:39:11Z MATLAB 
[LOCAL] 2026-04-02T13:39:15Z MATLAB File reorganization complete!
[LOCAL] 2026-04-02T13:39:15Z MATLAB   Files processed: 72
[LOCAL] 2026-04-02T13:39:15Z MATLAB   Files converted to JSON: 32
[LOCAL] 2026-04-02T13:39:15Z MATLAB   Files skipped: 0
{"resultsPath": "test-user/test-session/results"}
