[LOCAL] 2026-04-02T13:11:41Z Parallel enabled=0 workers=1 profile='(unset)'
[LOCAL] 2026-04-02T13:11:41Z LOCAL_SKIP_MATLAB=0
[LOCAL] 2026-04-02T13:11:41Z LOCAL TEST MODE: Using mounted test data
[LOCAL] 2026-04-02T13:11:41Z Unzipping input file
Archive:  /app/input.zip
  inflating: /app/work/Work/CSV/test-user/test-session/metadata.json  
  inflating: /app/work/Work/CSV/test-user/test-session/data.csv  
[LOCAL] 2026-04-02T13:11:41Z Loading metadata
[LOCAL] 2026-04-02T13:11:41Z Set env: EEGChannels=8
[LOCAL] 2026-04-02T13:11:41Z Set env: TriggerChannels=1
[LOCAL] 2026-04-02T13:11:41Z Set env: RunClassifier=false
[LOCAL] 2026-04-02T13:11:41Z Set env: Notch=0
[LOCAL] 2026-04-02T13:11:41Z Set env: DeviceFilter=false
[LOCAL] 2026-04-02T13:11:41Z Set env: Resolution=0
[LOCAL] 2026-04-02T13:11:41Z Set env: Frequency=125.0
[LOCAL] 2026-04-02T13:11:41Z Set env: HardwareFilter=true
[LOCAL] 2026-04-02T13:11:41Z Set env: SquareWaveTestMode=false
[LOCAL] 2026-04-02T13:11:41Z Set env: Classifier=null
[LOCAL] 2026-04-02T13:11:41Z === DEBUG ===
[LOCAL] 2026-04-02T13:11:41Z WORK_DIR: /app/work
[LOCAL] 2026-04-02T13:11:41Z OUTPUT_DIR: /app/work/Results
[LOCAL] 2026-04-02T13:11:41Z MCR_CACHE_ROOT: /tmp/mcr-cache
[LOCAL] 2026-04-02T13:11:41Z MATLAB_PREFDIR: /tmp/matlab-prefs
[LOCAL] 2026-04-02T13:11:41Z Files:
/app/work/Work/CSV/test-user/test-session/metadata.json
/app/work/Work/CSV/test-user/test-session/data.csv
/app/work/Dependents/Standard-10-20-Cap81.locs
[LOCAL] 2026-04-02T13:11:41Z =============
[LOCAL] 2026-04-02T13:11:41Z Running MATLAB executable
[LOCAL] 2026-04-02T13:11:41Z MATLAB ------------------------------------------
[LOCAL] 2026-04-02T13:11:41Z MATLAB Setting up environment variables
[LOCAL] 2026-04-02T13:11:41Z MATLAB ---
[LOCAL] 2026-04-02T13:11:41Z MATLAB LD_LIBRARY_PATH is .:/opt/matlabruntime/R2024b/runtime/glnxa64:/opt/matlabruntime/R2024b/bin/glnxa64:/opt/matlabruntime/R2024b/sys/os/glnxa64:/opt/matlabruntime/R2024b/sys/opengl/lib/glnxa64
[LOCAL] 2026-04-02T13:11:48Z MATLAB Converting CSV files in: /app/work/Work/CSV
[LOCAL] 2026-04-02T13:11:48Z MATLAB Output MAT files will be saved in: /app/work/Work/SourceData (EEG_rec)
[LOCAL] 2026-04-02T13:11:49Z MATLAB JSON converted to MATLAB struct and saved.
[LOCAL] 2026-04-02T13:11:50Z MATLAB Converting: /app/work/Work/CSV/test-user/test-session/data.csv
[LOCAL] 2026-04-02T13:11:50Z MATLAB Saved: /app/work/Work/SourceData (EEG_rec)/test-user/test-session/EEG_rec.mat
[LOCAL] 2026-04-02T13:11:50Z MATLAB Batch CSV-to-MAT conversion complete.
[LOCAL] 2026-04-02T13:11:50Z MATLAB 
[LOCAL] 2026-04-02T13:11:50Z MATLAB dataDir =
[LOCAL] 2026-04-02T13:11:50Z MATLAB 
[LOCAL] 2026-04-02T13:11:50Z MATLAB     '/app/work/Work/SourceData (EEG_rec)'
[LOCAL] 2026-04-02T13:11:50Z MATLAB 
[LOCAL] 2026-04-02T13:11:50Z MATLAB 
[LOCAL] 2026-04-02T13:11:50Z MATLAB chanlocDir =
[LOCAL] 2026-04-02T13:11:50Z MATLAB 
[LOCAL] 2026-04-02T13:11:50Z MATLAB     '/app/work/Dependents'
[LOCAL] 2026-04-02T13:11:50Z MATLAB 
[LOCAL] 2026-04-02T13:11:50Z MATLAB 
[LOCAL] 2026-04-02T13:11:50Z MATLAB dir0 =
[LOCAL] 2026-04-02T13:11:50Z MATLAB 
[LOCAL] 2026-04-02T13:11:50Z MATLAB     '/app/work/Work/SourceData (EEG_rec)'
[LOCAL] 2026-04-02T13:11:50Z MATLAB 
[LOCAL] 2026-04-02T13:11:50Z MATLAB 
[LOCAL] 2026-04-02T13:11:50Z MATLAB ________________________
[LOCAL] 2026-04-02T13:11:50Z MATLAB 
[LOCAL] 2026-04-02T13:11:50Z MATLAB Processing (#1/1) ...
[LOCAL] 2026-04-02T13:11:50Z MATLAB 
[LOCAL] 2026-04-02T13:11:50Z MATLAB ans =
[LOCAL] 2026-04-02T13:11:50Z MATLAB 
[LOCAL] 2026-04-02T13:11:50Z MATLAB     'downsample is off'
[LOCAL] 2026-04-02T13:11:50Z MATLAB 
[LOCAL] 2026-04-02T13:11:50Z MATLAB     "loading "    "/app/work/Work/SourceData (EEG..."
[LOCAL] 2026-04-02T13:11:50Z MATLAB 
[LOCAL] 2026-04-02T13:11:50Z MATLAB 
[LOCAL] 2026-04-02T13:11:50Z MATLAB ans =
[LOCAL] 2026-04-02T13:11:50Z MATLAB 
[LOCAL] 2026-04-02T13:11:50Z MATLAB     'downsample is off'
[LOCAL] 2026-04-02T13:11:50Z MATLAB 
[LOCAL] 2026-04-02T13:11:50Z MATLAB Prep plus (EEG):
[LOCAL] 2026-04-02T13:11:50Z MATLAB SubjID2: 1/1, SessionID2: 1/1
[LOCAL] 2026-04-02T13:11:50Z MATLAB Loading EEG_rec dataset ...
[LOCAL] 2026-04-02T13:11:50Z MATLAB Dataset loading: DONE
[LOCAL] 2026-04-02T13:11:50Z MATLAB 
[LOCAL] 2026-04-02T13:11:50Z MATLAB Saving config structure ...
[LOCAL] 2026-04-02T13:11:50Z MATLAB Saving autorun structure ...
[LOCAL] 2026-04-02T13:11:50Z MATLAB Saving EEG_validation structure ...
[LOCAL] 2026-04-02T13:11:50Z MATLAB 
[LOCAL] 2026-04-02T13:11:50Z MATLAB Running: Finished
[LOCAL] 2026-04-02T13:11:50Z MATLAB 
[LOCAL] 2026-04-02T13:11:50Z MATLAB Prep plus (EEG):
[LOCAL] 2026-04-02T13:11:50Z MATLAB 
[LOCAL] 2026-04-02T13:11:50Z MATLAB Loading A09_EEG_validation_01 [EEG_validation].mat ...
[LOCAL] 2026-04-02T13:11:50Z MATLAB At /app/work/Work/TrainTest/Prep plus/EEG/A09_EEG_validation_01 [EEG_validation].mat ...
[LOCAL] 2026-04-02T13:11:50Z MATLAB Dataset loading: DONE
[LOCAL] 2026-04-02T13:11:50Z MATLAB 
[LOCAL] 2026-04-02T13:11:50Z MATLAB Loading EEG_rec dataset ...
[LOCAL] 2026-04-02T13:11:50Z MATLAB Dataset loading: DONE
[LOCAL] 2026-04-02T13:11:50Z MATLAB 
[LOCAL] 2026-04-02T13:11:50Z MATLAB SubjID2: 1/1, SessionID2: 1/1, BandID: 3/12
[LOCAL] 2026-04-02T13:11:55Z MATLAB SubjID2: 1/1, SessionID2: 1/1, BandID: 4/12
[LOCAL] 2026-04-02T13:11:55Z MATLAB SubjID2: 1/1, SessionID2: 1/1, BandID: 5/12
[LOCAL] 2026-04-02T13:11:55Z MATLAB SubjID2: 1/1, SessionID2: 1/1, BandID: 6/12
[LOCAL] 2026-04-02T13:11:56Z MATLAB Saving tr{SubjID2,SessionID2} structure ...
[LOCAL] 2026-04-02T13:11:56Z MATLAB Saving config structure ...
[LOCAL] 2026-04-02T13:11:56Z MATLAB Saving autorun structure ...
[LOCAL] 2026-04-02T13:11:56Z MATLAB 
[LOCAL] 2026-04-02T13:11:56Z MATLAB Running: Finished
[LOCAL] 2026-04-02T13:11:56Z MATLAB 
[LOCAL] 2026-04-02T13:11:56Z MATLAB Elapsed time is 5.630514 seconds.
[LOCAL] 2026-04-02T13:11:56Z MATLAB Prep plus (EEG):
[LOCAL] 2026-04-02T13:11:56Z MATLAB 
[LOCAL] 2026-04-02T13:11:56Z MATLAB Loading A10_offlineClass_prep_01 [autorun].mat ...
[LOCAL] 2026-04-02T13:11:56Z MATLAB Loading A10_offlineClass_prep_01 [config].mat ...
[LOCAL] 2026-04-02T13:11:56Z MATLAB SubjID2: 1/1, SessionID2: 1/1
[LOCAL] 2026-04-02T13:11:56Z MATLAB Loading tr{1,1}.mat ...
[LOCAL] 2026-04-02T13:11:56Z MATLAB Dataset loading: DONE
[LOCAL] 2026-04-02T13:11:56Z MATLAB 
[LOCAL] 2026-04-02T13:11:56Z MATLAB Saving tr_validMask structure ...
[LOCAL] 2026-04-02T13:11:56Z MATLAB 
[LOCAL] 2026-04-02T13:11:56Z MATLAB Running: Finished
[LOCAL] 2026-04-02T13:11:56Z MATLAB 
[LOCAL] 2026-04-02T13:11:56Z MATLAB Prep plus (EEG):
[LOCAL] 2026-04-02T13:11:56Z MATLAB 
[LOCAL] 2026-04-02T13:11:56Z MATLAB Loading A10_offlineClass_prep_01 [autorun].mat ...
[LOCAL] 2026-04-02T13:11:56Z MATLAB Loading A10_offlineClass_prep_01 [config].mat ...
[LOCAL] 2026-04-02T13:11:56Z MATLAB SubjID2: 1/1, SessionID2: 1/1
[LOCAL] 2026-04-02T13:11:56Z MATLAB Loading tr{1,1}.mat ...
[LOCAL] 2026-04-02T13:11:57Z MATLAB Saving classTrials{1,1} structure ...
[LOCAL] 2026-04-02T13:11:57Z MATLAB 
[LOCAL] 2026-04-02T13:11:57Z MATLAB Saving config structure ...
[LOCAL] 2026-04-02T13:11:57Z MATLAB Saving autorun structure ...
[LOCAL] 2026-04-02T13:11:57Z MATLAB 
[LOCAL] 2026-04-02T13:11:57Z MATLAB Running: Finished
[LOCAL] 2026-04-02T13:11:57Z MATLAB 
[LOCAL] 2026-04-02T13:11:57Z MATLAB Elapsed time is 0.701597 seconds.
[LOCAL] 2026-04-02T13:11:57Z MATLAB TM(0) trainTest: 1/4
[LOCAL] 2026-04-02T13:11:59Z MATLAB Starting parallel pool (parpool) using the 'Processes' profile ...
[LOCAL] 2026-04-02T13:12:11Z MATLAB Connected to parallel pool with 1 workers.
[LOCAL] 2026-04-02T13:12:12Z MATLAB 
[LOCAL] 2026-04-02T13:12:12Z MATLAB ans = 
[LOCAL] 2026-04-02T13:12:12Z MATLAB 
[LOCAL] 2026-04-02T13:12:12Z MATLAB  ProcessPool with properties: 
[LOCAL] 2026-04-02T13:12:12Z MATLAB 
[LOCAL] 2026-04-02T13:12:12Z MATLAB             Connected: true
[LOCAL] 2026-04-02T13:12:12Z MATLAB            NumWorkers: 1
[LOCAL] 2026-04-02T13:12:12Z MATLAB                  Busy: false
[LOCAL] 2026-04-02T13:12:12Z MATLAB               Cluster: Processes (Local Cluster)
[LOCAL] 2026-04-02T13:12:12Z MATLAB         AttachedFiles: {}
[LOCAL] 2026-04-02T13:12:12Z MATLAB     AutoAddClientPath: true
[LOCAL] 2026-04-02T13:12:12Z MATLAB             FileStore: [1x1 parallel.FileStore]
[LOCAL] 2026-04-02T13:12:12Z MATLAB            ValueStore: [1x1 parallel.ValueStore]
[LOCAL] 2026-04-02T13:12:12Z MATLAB           IdleTimeout: 30 minutes (30 minutes remaining)
[LOCAL] 2026-04-02T13:12:12Z MATLAB           SpmdEnabled: true
[LOCAL] 2026-04-02T13:12:12Z MATLAB 
[LOCAL] 2026-04-02T13:15:22Z MATLAB TM(0) trainTest: 2/4
[LOCAL] 2026-04-02T13:18:29Z MATLAB TM(0) trainTest: 3/4
[LOCAL] 2026-04-02T13:21:29Z MATLAB TM(0) trainTest: 4/4
[LOCAL] 2026-04-02T13:24:46Z MATLAB TM(0) DA eval ...
[LOCAL] 2026-04-02T13:24:50Z MATLAB Copy: Standard-10-20-Cap81.locs ...
[LOCAL] 2026-04-02T13:24:50Z MATLAB DONE.
[LOCAL] 2026-04-02T13:24:50Z MATLAB Loading /app/work/Work/TrainTest/Prep plus/EEG/tr{1,1}.mat ...
[LOCAL] 2026-04-02T13:24:55Z MATLAB Saved JSON config: /app/work/Work/TrainTest/- Fig/DA plot.json
[LOCAL] 2026-04-02T13:24:56Z MATLAB Saved JSON config: /app/work/Work/TrainTest/- Fig/DA plot (smoothed).json
[LOCAL] 2026-04-02T13:24:56Z MATLAB Preparing Freq and Topoplots
[LOCAL] 2026-04-02T13:24:56Z MATLAB Loading data files ...
[LOCAL] 2026-04-02T13:24:57Z MATLAB readlocs(): 'loc' format assumed from file extension
[LOCAL] 2026-04-02T13:24:57Z MATLAB Dataset loading: DONE
[LOCAL] 2026-04-02T13:24:57Z MATLAB 
[LOCAL] 2026-04-02T13:24:57Z MATLAB Common codes for topoplots ...
[LOCAL] 2026-04-02T13:24:57Z MATLAB CSP/MI weight topoplot ...
[LOCAL] 2026-04-02T13:25:00Z MATLAB Warning: Using interpolated shading in scalp topographies prevent to export them as vectorized figures
[LOCAL] 2026-04-02T13:25:00Z MATLAB > In topoplot (line 549)
[LOCAL] 2026-04-02T13:25:00Z MATLAB In VAv2_Hacked_VB_FBCSP_eval_figures_func_01 (line 588)
[LOCAL] 2026-04-02T13:25:00Z MATLAB In TAv2_TrainTest (line 676)
[LOCAL] 2026-04-02T13:25:00Z MATLAB In T1_proper (line 237)
[LOCAL] 2026-04-02T13:25:00Z MATLAB In FBCSP_Training (line 38)
[LOCAL] 2026-04-02T13:25:00Z MATLAB Warning: When plotting pvalues in totoplot, use option 'conv' to minimize extrapolation effects
[LOCAL] 2026-04-02T13:25:02Z MATLAB Saved JSON config: /app/work/Work/TrainTest/- Fig/CSP-MI topoplot (restTask1,class1,band0).json
[LOCAL] 2026-04-02T13:25:02Z MATLAB Warning: When plotting pvalues in totoplot, use option 'conv' to minimize extrapolation effects
[LOCAL] 2026-04-02T13:25:03Z MATLAB Saved JSON config: /app/work/Work/TrainTest/- Fig/CSP-MI topoplot (restTask2,class1,band0).json
[LOCAL] 2026-04-02T13:25:03Z MATLAB Warning: When plotting pvalues in totoplot, use option 'conv' to minimize extrapolation effects
[LOCAL] 2026-04-02T13:25:05Z MATLAB Saved JSON config: /app/work/Work/TrainTest/- Fig/CSP-MI topoplot (restTask1,class1,band1.json
[LOCAL] 2026-04-02T13:25:05Z MATLAB Warning: When plotting pvalues in totoplot, use option 'conv' to minimize extrapolation effects
[LOCAL] 2026-04-02T13:25:06Z MATLAB Saved JSON config: /app/work/Work/TrainTest/- Fig/CSP-MI topoplot (restTask1,class1,band2.json
[LOCAL] 2026-04-02T13:25:06Z MATLAB Warning: When plotting pvalues in totoplot, use option 'conv' to minimize extrapolation effects
[LOCAL] 2026-04-02T13:25:07Z MATLAB Saved JSON config: /app/work/Work/TrainTest/- Fig/CSP-MI topoplot (restTask1,class1,band3.json
[LOCAL] 2026-04-02T13:25:07Z MATLAB Warning: When plotting pvalues in totoplot, use option 'conv' to minimize extrapolation effects
[LOCAL] 2026-04-02T13:25:08Z MATLAB Saved JSON config: /app/work/Work/TrainTest/- Fig/CSP-MI topoplot (restTask1,class1,band4.json
[LOCAL] 2026-04-02T13:25:08Z MATLAB Warning: When plotting pvalues in totoplot, use option 'conv' to minimize extrapolation effects
[LOCAL] 2026-04-02T13:25:08Z MATLAB Saved JSON config: /app/work/Work/TrainTest/- Fig/CSP-MI topoplot (restTask2,class1,band1.json
[LOCAL] 2026-04-02T13:25:08Z MATLAB Warning: When plotting pvalues in totoplot, use option 'conv' to minimize extrapolation effects
[LOCAL] 2026-04-02T13:25:09Z MATLAB Saved JSON config: /app/work/Work/TrainTest/- Fig/CSP-MI topoplot (restTask2,class1,band2.json
[LOCAL] 2026-04-02T13:25:09Z MATLAB Warning: When plotting pvalues in totoplot, use option 'conv' to minimize extrapolation effects
[LOCAL] 2026-04-02T13:25:10Z MATLAB Saved JSON config: /app/work/Work/TrainTest/- Fig/CSP-MI topoplot (restTask2,class1,band3.json
[LOCAL] 2026-04-02T13:25:10Z MATLAB Warning: When plotting pvalues in totoplot, use option 'conv' to minimize extrapolation effects
[LOCAL] 2026-04-02T13:25:11Z MATLAB Saved JSON config: /app/work/Work/TrainTest/- Fig/CSP-MI topoplot (restTask2,class1,band4.json
[LOCAL] 2026-04-02T13:25:11Z MATLAB Frequency evaluation v4 ...
[LOCAL] 2026-04-02T13:25:14Z MATLAB Saved JSON config: /app/work/Work/TrainTest/- Fig/heatmap (Freq v4).json
[LOCAL] 2026-04-02T13:25:14Z MATLAB Saving VA_TRANS structure ...
[LOCAL] 2026-04-02T13:25:14Z MATLAB Saving result structure ...
[LOCAL] 2026-04-02T13:25:15Z MATLAB Saving T1_results ...
[LOCAL] 2026-04-02T13:25:15Z MATLAB Saving T1_result_table ...
[LOCAL] 2026-04-02T13:25:15Z MATLAB Loading EEG_validation ...
[LOCAL] 2026-04-02T13:25:15Z MATLAB Loading autorun ...
[LOCAL] 2026-04-02T13:25:15Z MATLAB Loading config ...
[LOCAL] 2026-04-02T13:25:15Z MATLAB Loading w0_matrix for ClassPair1 ...
[LOCAL] 2026-04-02T13:25:16Z MATLAB Dataset loading: DONE
[LOCAL] 2026-04-02T13:25:16Z MATLAB 
[LOCAL] 2026-04-02T13:25:16Z MATLAB Autosave (it may take some minutes):
[LOCAL] 2026-04-02T13:25:16Z MATLAB Saving config structure ...
[LOCAL] 2026-04-02T13:25:16Z MATLAB Saving online structure ...
[LOCAL] 2026-04-02T13:25:16Z MATLAB 
[LOCAL] 2026-04-02T13:25:16Z MATLAB Running: Finished
[LOCAL] 2026-04-02T13:25:16Z MATLAB 
[LOCAL] 2026-04-02T13:25:20Z MATLAB File reorganization complete!
[LOCAL] 2026-04-02T13:25:20Z MATLAB   Files processed: 72
[LOCAL] 2026-04-02T13:25:20Z MATLAB   Files converted to JSON: 32
[LOCAL] 2026-04-02T13:25:20Z MATLAB   Files skipped: 0
{"resultsPath": "test-user/test-session/results"}
