[LOCAL] 2026-04-02T12:57:13Z Parallel enabled=0 workers=1 profile='(unset)'
[LOCAL] 2026-04-02T12:57:13Z LOCAL_SKIP_MATLAB=0
[LOCAL] 2026-04-02T12:57:13Z LOCAL TEST MODE: Using mounted test data
[LOCAL] 2026-04-02T12:57:13Z Unzipping input file
Archive:  /app/input.zip
  inflating: /app/work/Work/CSV/test-user/test-session/metadata.json  
  inflating: /app/work/Work/CSV/test-user/test-session/data.csv  
[LOCAL] 2026-04-02T12:57:13Z Loading metadata
[LOCAL] 2026-04-02T12:57:13Z Set env: EEGChannels=8
[LOCAL] 2026-04-02T12:57:13Z Set env: TriggerChannels=1
[LOCAL] 2026-04-02T12:57:13Z Set env: RunClassifier=false
[LOCAL] 2026-04-02T12:57:13Z Set env: Notch=0
[LOCAL] 2026-04-02T12:57:13Z Set env: DeviceFilter=false
[LOCAL] 2026-04-02T12:57:13Z Set env: Resolution=0
[LOCAL] 2026-04-02T12:57:13Z Set env: Frequency=125.0
[LOCAL] 2026-04-02T12:57:13Z Set env: HardwareFilter=true
[LOCAL] 2026-04-02T12:57:13Z Set env: SquareWaveTestMode=false
[LOCAL] 2026-04-02T12:57:13Z Set env: Classifier=null
[LOCAL] 2026-04-02T12:57:13Z === DEBUG ===
[LOCAL] 2026-04-02T12:57:13Z WORK_DIR: /app/work
[LOCAL] 2026-04-02T12:57:13Z OUTPUT_DIR: /app/work/Results
[LOCAL] 2026-04-02T12:57:13Z MCR_CACHE_ROOT: /tmp/mcr-cache
[LOCAL] 2026-04-02T12:57:13Z MATLAB_PREFDIR: /tmp/matlab-prefs
[LOCAL] 2026-04-02T12:57:13Z Files:
/app/work/Work/CSV/test-user/test-session/metadata.json
/app/work/Work/CSV/test-user/test-session/data.csv
/app/work/Dependents/Standard-10-20-Cap81.locs
[LOCAL] 2026-04-02T12:57:13Z =============
[LOCAL] 2026-04-02T12:57:13Z Running MATLAB executable
[LOCAL] 2026-04-02T12:57:13Z MATLAB ------------------------------------------
[LOCAL] 2026-04-02T12:57:13Z MATLAB Setting up environment variables
[LOCAL] 2026-04-02T12:57:13Z MATLAB ---
[LOCAL] 2026-04-02T12:57:13Z MATLAB LD_LIBRARY_PATH is .:/opt/matlabruntime/R2024b/runtime/glnxa64:/opt/matlabruntime/R2024b/bin/glnxa64:/opt/matlabruntime/R2024b/sys/os/glnxa64:/opt/matlabruntime/R2024b/sys/opengl/lib/glnxa64
[LOCAL] 2026-04-02T12:57:19Z MATLAB Converting CSV files in: /app/work/Work/CSV
[LOCAL] 2026-04-02T12:57:19Z MATLAB Output MAT files will be saved in: /app/work/Work/SourceData (EEG_rec)
[LOCAL] 2026-04-02T12:57:19Z MATLAB JSON converted to MATLAB struct and saved.
[LOCAL] 2026-04-02T12:57:21Z MATLAB Converting: /app/work/Work/CSV/test-user/test-session/data.csv
[LOCAL] 2026-04-02T12:57:21Z MATLAB Saved: /app/work/Work/SourceData (EEG_rec)/test-user/test-session/EEG_rec.mat
[LOCAL] 2026-04-02T12:57:21Z MATLAB Batch CSV-to-MAT conversion complete.
[LOCAL] 2026-04-02T12:57:21Z MATLAB 
[LOCAL] 2026-04-02T12:57:21Z MATLAB dataDir =
[LOCAL] 2026-04-02T12:57:21Z MATLAB 
[LOCAL] 2026-04-02T12:57:21Z MATLAB     '/app/work/Work/SourceData (EEG_rec)'
[LOCAL] 2026-04-02T12:57:21Z MATLAB 
[LOCAL] 2026-04-02T12:57:21Z MATLAB 
[LOCAL] 2026-04-02T12:57:21Z MATLAB chanlocDir =
[LOCAL] 2026-04-02T12:57:21Z MATLAB 
[LOCAL] 2026-04-02T12:57:21Z MATLAB     '/app/work/Dependents'
[LOCAL] 2026-04-02T12:57:21Z MATLAB 
[LOCAL] 2026-04-02T12:57:21Z MATLAB 
[LOCAL] 2026-04-02T12:57:21Z MATLAB dir0 =
[LOCAL] 2026-04-02T12:57:21Z MATLAB 
[LOCAL] 2026-04-02T12:57:21Z MATLAB     '/app/work/Work/SourceData (EEG_rec)'
[LOCAL] 2026-04-02T12:57:21Z MATLAB 
[LOCAL] 2026-04-02T12:57:21Z MATLAB 
[LOCAL] 2026-04-02T12:57:21Z MATLAB ________________________
[LOCAL] 2026-04-02T12:57:21Z MATLAB 
[LOCAL] 2026-04-02T12:57:21Z MATLAB Processing (#1/1) ...
[LOCAL] 2026-04-02T12:57:21Z MATLAB 
[LOCAL] 2026-04-02T12:57:21Z MATLAB ans =
[LOCAL] 2026-04-02T12:57:21Z MATLAB 
[LOCAL] 2026-04-02T12:57:21Z MATLAB     'downsample is off'
[LOCAL] 2026-04-02T12:57:21Z MATLAB 
[LOCAL] 2026-04-02T12:57:21Z MATLAB     "loading "    "/app/work/Work/SourceData (EEG..."
[LOCAL] 2026-04-02T12:57:21Z MATLAB 
[LOCAL] 2026-04-02T12:57:21Z MATLAB 
[LOCAL] 2026-04-02T12:57:21Z MATLAB ans =
[LOCAL] 2026-04-02T12:57:21Z MATLAB 
[LOCAL] 2026-04-02T12:57:21Z MATLAB     'downsample is off'
[LOCAL] 2026-04-02T12:57:21Z MATLAB 
[LOCAL] 2026-04-02T12:57:21Z MATLAB Prep plus (EEG):
[LOCAL] 2026-04-02T12:57:21Z MATLAB SubjID2: 1/1, SessionID2: 1/1
[LOCAL] 2026-04-02T12:57:21Z MATLAB Loading EEG_rec dataset ...
[LOCAL] 2026-04-02T12:57:21Z MATLAB Dataset loading: DONE
[LOCAL] 2026-04-02T12:57:21Z MATLAB 
[LOCAL] 2026-04-02T12:57:21Z MATLAB Saving config structure ...
[LOCAL] 2026-04-02T12:57:21Z MATLAB Saving autorun structure ...
[LOCAL] 2026-04-02T12:57:21Z MATLAB Saving EEG_validation structure ...
[LOCAL] 2026-04-02T12:57:21Z MATLAB 
[LOCAL] 2026-04-02T12:57:21Z MATLAB Running: Finished
[LOCAL] 2026-04-02T12:57:21Z MATLAB 
[LOCAL] 2026-04-02T12:57:21Z MATLAB Prep plus (EEG):
[LOCAL] 2026-04-02T12:57:21Z MATLAB 
[LOCAL] 2026-04-02T12:57:21Z MATLAB Loading A09_EEG_validation_01 [EEG_validation].mat ...
[LOCAL] 2026-04-02T12:57:21Z MATLAB At /app/work/Work/TrainTest/Prep plus/EEG/A09_EEG_validation_01 [EEG_validation].mat ...
[LOCAL] 2026-04-02T12:57:21Z MATLAB Dataset loading: DONE
[LOCAL] 2026-04-02T12:57:21Z MATLAB 
[LOCAL] 2026-04-02T12:57:21Z MATLAB Loading EEG_rec dataset ...
[LOCAL] 2026-04-02T12:57:21Z MATLAB Dataset loading: DONE
[LOCAL] 2026-04-02T12:57:21Z MATLAB 
[LOCAL] 2026-04-02T12:57:21Z MATLAB SubjID2: 1/1, SessionID2: 1/1, BandID: 3/12
[LOCAL] 2026-04-02T12:57:27Z MATLAB SubjID2: 1/1, SessionID2: 1/1, BandID: 4/12
[LOCAL] 2026-04-02T12:57:28Z MATLAB SubjID2: 1/1, SessionID2: 1/1, BandID: 5/12
[LOCAL] 2026-04-02T12:57:28Z MATLAB SubjID2: 1/1, SessionID2: 1/1, BandID: 6/12
[LOCAL] 2026-04-02T12:57:28Z MATLAB Saving tr{SubjID2,SessionID2} structure ...
[LOCAL] 2026-04-02T12:57:29Z MATLAB Saving config structure ...
[LOCAL] 2026-04-02T12:57:29Z MATLAB Saving autorun structure ...
[LOCAL] 2026-04-02T12:57:29Z MATLAB 
[LOCAL] 2026-04-02T12:57:29Z MATLAB Running: Finished
[LOCAL] 2026-04-02T12:57:29Z MATLAB 
[LOCAL] 2026-04-02T12:57:29Z MATLAB Elapsed time is 7.248387 seconds.
[LOCAL] 2026-04-02T12:57:29Z MATLAB Prep plus (EEG):
[LOCAL] 2026-04-02T12:57:29Z MATLAB 
[LOCAL] 2026-04-02T12:57:29Z MATLAB Loading A10_offlineClass_prep_01 [autorun].mat ...
[LOCAL] 2026-04-02T12:57:29Z MATLAB Loading A10_offlineClass_prep_01 [config].mat ...
[LOCAL] 2026-04-02T12:57:29Z MATLAB SubjID2: 1/1, SessionID2: 1/1
[LOCAL] 2026-04-02T12:57:29Z MATLAB Loading tr{1,1}.mat ...
[LOCAL] 2026-04-02T12:57:29Z MATLAB Dataset loading: DONE
[LOCAL] 2026-04-02T12:57:29Z MATLAB 
[LOCAL] 2026-04-02T12:57:29Z MATLAB Saving tr_validMask structure ...
[LOCAL] 2026-04-02T12:57:29Z MATLAB 
[LOCAL] 2026-04-02T12:57:29Z MATLAB Running: Finished
[LOCAL] 2026-04-02T12:57:29Z MATLAB 
[LOCAL] 2026-04-02T12:57:29Z MATLAB Prep plus (EEG):
[LOCAL] 2026-04-02T12:57:29Z MATLAB 
[LOCAL] 2026-04-02T12:57:29Z MATLAB Loading A10_offlineClass_prep_01 [autorun].mat ...
[LOCAL] 2026-04-02T12:57:29Z MATLAB Loading A10_offlineClass_prep_01 [config].mat ...
[LOCAL] 2026-04-02T12:57:29Z MATLAB SubjID2: 1/1, SessionID2: 1/1
[LOCAL] 2026-04-02T12:57:29Z MATLAB Loading tr{1,1}.mat ...
[LOCAL] 2026-04-02T12:57:29Z MATLAB Saving classTrials{1,1} structure ...
[LOCAL] 2026-04-02T12:57:30Z MATLAB 
[LOCAL] 2026-04-02T12:57:30Z MATLAB Saving config structure ...
[LOCAL] 2026-04-02T12:57:30Z MATLAB Saving autorun structure ...
[LOCAL] 2026-04-02T12:57:30Z MATLAB 
[LOCAL] 2026-04-02T12:57:30Z MATLAB Running: Finished
[LOCAL] 2026-04-02T12:57:30Z MATLAB 
[LOCAL] 2026-04-02T12:57:30Z MATLAB Elapsed time is 0.811484 seconds.
[LOCAL] 2026-04-02T12:57:30Z MATLAB TM(0) trainTest: 1/4
[LOCAL] 2026-04-02T12:57:32Z MATLAB Starting parallel pool (parpool) using the 'Processes' profile ...
[LOCAL] 2026-04-02T12:57:45Z MATLAB Connected to parallel pool with 1 workers.
[LOCAL] 2026-04-02T12:57:46Z MATLAB 
[LOCAL] 2026-04-02T12:57:46Z MATLAB ans = 
[LOCAL] 2026-04-02T12:57:46Z MATLAB 
[LOCAL] 2026-04-02T12:57:46Z MATLAB  ProcessPool with properties: 
[LOCAL] 2026-04-02T12:57:46Z MATLAB 
[LOCAL] 2026-04-02T12:57:46Z MATLAB             Connected: true
[LOCAL] 2026-04-02T12:57:46Z MATLAB            NumWorkers: 1
[LOCAL] 2026-04-02T12:57:46Z MATLAB                  Busy: false
[LOCAL] 2026-04-02T12:57:46Z MATLAB               Cluster: Processes (Local Cluster)
[LOCAL] 2026-04-02T12:57:46Z MATLAB         AttachedFiles: {}
[LOCAL] 2026-04-02T12:57:46Z MATLAB     AutoAddClientPath: true
[LOCAL] 2026-04-02T12:57:46Z MATLAB             FileStore: [1x1 parallel.FileStore]
[LOCAL] 2026-04-02T12:57:46Z MATLAB            ValueStore: [1x1 parallel.ValueStore]
[LOCAL] 2026-04-02T12:57:46Z MATLAB           IdleTimeout: 30 minutes (30 minutes remaining)
[LOCAL] 2026-04-02T12:57:46Z MATLAB           SpmdEnabled: true
[LOCAL] 2026-04-02T12:57:46Z MATLAB 
[LOCAL] 2026-04-02T13:01:30Z MATLAB TM(0) trainTest: 2/4
[LOCAL] 2026-04-02T13:04:45Z MATLAB TM(0) trainTest: 3/4
[LOCAL] 2026-04-02T13:07:58Z MATLAB TM(0) trainTest: 4/4
[LOCAL] 2026-04-02T13:11:02Z MATLAB TM(0) DA eval ...
[LOCAL] 2026-04-02T13:11:06Z MATLAB Copy: Standard-10-20-Cap81.locs ...
[LOCAL] 2026-04-02T13:11:06Z MATLAB DONE.
[LOCAL] 2026-04-02T13:11:06Z MATLAB Loading /app/work/Work/TrainTest/Prep plus/EEG/tr{1,1}.mat ...
[LOCAL] 2026-04-02T13:11:11Z MATLAB Saved JSON config: /app/work/Work/TrainTest/- Fig/DA plot.json
[LOCAL] 2026-04-02T13:11:12Z MATLAB Saved JSON config: /app/work/Work/TrainTest/- Fig/DA plot (smoothed).json
[LOCAL] 2026-04-02T13:11:12Z MATLAB Preparing Freq and Topoplots
[LOCAL] 2026-04-02T13:11:12Z MATLAB Loading data files ...
[LOCAL] 2026-04-02T13:11:13Z MATLAB readlocs(): 'loc' format assumed from file extension
[LOCAL] 2026-04-02T13:11:13Z MATLAB Dataset loading: DONE
[LOCAL] 2026-04-02T13:11:13Z MATLAB 
[LOCAL] 2026-04-02T13:11:13Z MATLAB Common codes for topoplots ...
[LOCAL] 2026-04-02T13:11:13Z MATLAB CSP/MI weight topoplot ...
[LOCAL] 2026-04-02T13:11:16Z MATLAB Warning: Using interpolated shading in scalp topographies prevent to export them as vectorized figures
[LOCAL] 2026-04-02T13:11:16Z MATLAB > In topoplot (line 549)
[LOCAL] 2026-04-02T13:11:16Z MATLAB In VAv2_Hacked_VB_FBCSP_eval_figures_func_01 (line 588)
[LOCAL] 2026-04-02T13:11:16Z MATLAB In TAv2_TrainTest (line 676)
[LOCAL] 2026-04-02T13:11:16Z MATLAB In T1_proper (line 237)
[LOCAL] 2026-04-02T13:11:16Z MATLAB In FBCSP_Training (line 38)
[LOCAL] 2026-04-02T13:11:16Z MATLAB Warning: When plotting pvalues in totoplot, use option 'conv' to minimize extrapolation effects
[LOCAL] 2026-04-02T13:11:18Z MATLAB Saved JSON config: /app/work/Work/TrainTest/- Fig/CSP-MI topoplot (restTask1,class1,band0).json
[LOCAL] 2026-04-02T13:11:18Z MATLAB Warning: When plotting pvalues in totoplot, use option 'conv' to minimize extrapolation effects
[LOCAL] 2026-04-02T13:11:19Z MATLAB Saved JSON config: /app/work/Work/TrainTest/- Fig/CSP-MI topoplot (restTask2,class1,band0).json
[LOCAL] 2026-04-02T13:11:19Z MATLAB Warning: When plotting pvalues in totoplot, use option 'conv' to minimize extrapolation effects
[LOCAL] 2026-04-02T13:11:20Z MATLAB Saved JSON config: /app/work/Work/TrainTest/- Fig/CSP-MI topoplot (restTask1,class1,band1.json
[LOCAL] 2026-04-02T13:11:20Z MATLAB Warning: When plotting pvalues in totoplot, use option 'conv' to minimize extrapolation effects
[LOCAL] 2026-04-02T13:11:21Z MATLAB Saved JSON config: /app/work/Work/TrainTest/- Fig/CSP-MI topoplot (restTask1,class1,band2.json
[LOCAL] 2026-04-02T13:11:21Z MATLAB Warning: When plotting pvalues in totoplot, use option 'conv' to minimize extrapolation effects
[LOCAL] 2026-04-02T13:11:22Z MATLAB Saved JSON config: /app/work/Work/TrainTest/- Fig/CSP-MI topoplot (restTask1,class1,band3.json
[LOCAL] 2026-04-02T13:11:22Z MATLAB Warning: When plotting pvalues in totoplot, use option 'conv' to minimize extrapolation effects
[LOCAL] 2026-04-02T13:11:23Z MATLAB Saved JSON config: /app/work/Work/TrainTest/- Fig/CSP-MI topoplot (restTask1,class1,band4.json
[LOCAL] 2026-04-02T13:11:23Z MATLAB Warning: When plotting pvalues in totoplot, use option 'conv' to minimize extrapolation effects
[LOCAL] 2026-04-02T13:11:24Z MATLAB Saved JSON config: /app/work/Work/TrainTest/- Fig/CSP-MI topoplot (restTask2,class1,band1.json
[LOCAL] 2026-04-02T13:11:24Z MATLAB Warning: When plotting pvalues in totoplot, use option 'conv' to minimize extrapolation effects
[LOCAL] 2026-04-02T13:11:25Z MATLAB Saved JSON config: /app/work/Work/TrainTest/- Fig/CSP-MI topoplot (restTask2,class1,band2.json
[LOCAL] 2026-04-02T13:11:25Z MATLAB Warning: When plotting pvalues in totoplot, use option 'conv' to minimize extrapolation effects
[LOCAL] 2026-04-02T13:11:26Z MATLAB Saved JSON config: /app/work/Work/TrainTest/- Fig/CSP-MI topoplot (restTask2,class1,band3.json
[LOCAL] 2026-04-02T13:11:26Z MATLAB Warning: When plotting pvalues in totoplot, use option 'conv' to minimize extrapolation effects
[LOCAL] 2026-04-02T13:11:26Z MATLAB Saved JSON config: /app/work/Work/TrainTest/- Fig/CSP-MI topoplot (restTask2,class1,band4.json
[LOCAL] 2026-04-02T13:11:27Z MATLAB Frequency evaluation v4 ...
[LOCAL] 2026-04-02T13:11:30Z MATLAB Saved JSON config: /app/work/Work/TrainTest/- Fig/heatmap (Freq v4).json
[LOCAL] 2026-04-02T13:11:30Z MATLAB Saving VA_TRANS structure ...
[LOCAL] 2026-04-02T13:11:30Z MATLAB Saving result structure ...
[LOCAL] 2026-04-02T13:11:30Z MATLAB Saving T1_results ...
[LOCAL] 2026-04-02T13:11:30Z MATLAB Saving T1_result_table ...
[LOCAL] 2026-04-02T13:11:30Z MATLAB Loading EEG_validation ...
[LOCAL] 2026-04-02T13:11:30Z MATLAB Loading autorun ...
[LOCAL] 2026-04-02T13:11:30Z MATLAB Loading config ...
[LOCAL] 2026-04-02T13:11:30Z MATLAB Loading w0_matrix for ClassPair1 ...
[LOCAL] 2026-04-02T13:11:31Z MATLAB Dataset loading: DONE
[LOCAL] 2026-04-02T13:11:31Z MATLAB 
[LOCAL] 2026-04-02T13:11:31Z MATLAB Autosave (it may take some minutes):
[LOCAL] 2026-04-02T13:11:31Z MATLAB Saving config structure ...
[LOCAL] 2026-04-02T13:11:31Z MATLAB Saving online structure ...
[LOCAL] 2026-04-02T13:11:31Z MATLAB 
[LOCAL] 2026-04-02T13:11:31Z MATLAB Running: Finished
[LOCAL] 2026-04-02T13:11:31Z MATLAB 
[LOCAL] 2026-04-02T13:11:36Z MATLAB File reorganization complete!
[LOCAL] 2026-04-02T13:11:36Z MATLAB   Files processed: 72
[LOCAL] 2026-04-02T13:11:36Z MATLAB   Files converted to JSON: 32
[LOCAL] 2026-04-02T13:11:36Z MATLAB   Files skipped: 0
{"resultsPath": "test-user/test-session/results"}
